------------------------------------
Mon 22 Jun 2026 19:33:36 IDT
SLURM_JOBID:		18326381
SLURM_JOB_NODELIST:	cs-6000-01
SLURM_SCRATCH_DIR:	/scratch/ahmedmas/18326381
Allocated Resouces:	cpu - 8 / mem -  MB / gpu - 1
SLURM_GPU_INDEX:	1
Running as ahmedmas from jelsana account with jelsana QOS
------------------------------------
wandb: Currently logged in as: ahmedmas (ahmedmas-ben-gurion-university-of-the-negev). Use `wandb login --relogin` to force relogin
wandb: Using wandb-core as the SDK backend.  Please refer to https://wandb.me/wandb-core for more information.
wandb: - Waiting for wandb.init()...wandb: \ Waiting for wandb.init()...wandb: Tracking run with wandb version 0.19.2
wandb: Run data is saved locally in /home/ahmedmas/BGU-Lab/AlignmentProject_clone/wandb/run-20260622_193352-3za296mn
wandb: Run `wandb offline` to turn off syncing.
wandb: Syncing run d3tw_charpool_w16_nooverlap
wandb: ⭐️ View project at https://wandb.ai/ahmedmas-ben-gurion-university-of-the-negev/AlignmentProject
wandb: 🚀 View run at https://wandb.ai/ahmedmas-ben-gurion-university-of-the-negev/AlignmentProject/runs/3za296mn
Using window_size=16, stride=16, window_overlap_mode=no_overlap
Loading dataset from: DataSet/Synthetic_Arabic_100000
[TEXT EMBED] type=orthogonal_char  out_dim=128  (frozen)
[EmbeddingModel] Using BiLSTM encoder (layers=2, hidden_dim=128)
[CHAR POOL] char bank size=37 first 20 chars=[' ', 'ء', 'آ', 'أ', 'ؤ', 'إ', 'ئ', 'ا', 'ب', 'ة', 'ت', 'ث', 'ج', 'ح', 'خ', 'د', 'ذ', 'ر', 'ز', 'س'] embedding dim=128 method=hard_mean saved=/home/ahmedmas/BGU-Lab/AlignmentProject_clone/Weights/d3tw_charpool_w16_nooverlap/char_bank.json

=== Architecture: Image Encoder (ResNet34 + bilstm) ===
[OPT 1] job_id: d3tw_charpool_w16_nooverlap
[OPT 2] Sequence Encoder: bilstm
[OPT 2a] BiLSTM layers=2 hidden_dim=128
[OPT 3] Sliding Window: window_overlap_mode=no_overlap window_size=16 stride=16 stride_ratio=0.5
[OPT 4] In-Batch Negatives: num_negatives=10
[OPT 5] alignment_loss_type=d3tw_char_pool
[OPT 7] D3TW: weight=1.0
[OPT 7a] Cross-Attention: enabled=False type=text_to_image weight=0.0
[OPT 7b] Character Pool: weight=0.5 tau=0.07 warmup=5 ramp=10 method=hard_mean detach_alignment=True skip_spaces=False min_windows=1
[SPEED] AMP=True (dtype=torch.float16)  Profiling=False
[RUN]   lr=0.0001  epochs=50
[FINETUNE] Dataset override: DataSet/Synthetic_Arabic_100000
================================================

Epoch 1 - Soft-DTW gamma: 0.100000
[FlipCheck] Saved debug_flip/patch0_after_flip.png  ← should show the FIRST Arabic character (rightmost in image)
[FlipCheck] Saved debug_flip/patchLast_after_flip.png ← should show the LAST Arabic character (leftmost in image)
[FlipCheck] Saved debug_flip/full_image_ref.png        ← original image for comparison
[FlipCheck] tokens_a shape after flip: torch.Size([32, 64, 3, 128, 16])  (B, num_patches, C, H, W)
[SANITY] sim_pos_list[0].shape = torch.Size([65, 128])  (expected [65, 128])
[DTW] raw: pos=481.8  neg=477.3  |  prob: pos_wins=0.088 (goal→1.0)  |  gap=0.035  loss=10.0350
[CHAR POOL GROUPS] Transcript:  بعد طول انتظار الاستماع الجيد يعتبر مهارة مهمة غالبا ما في أعما 
char[0]=' ' windows=[0]
char[1]='ب' windows=[1]
char[2]='ع' windows=[2]
char[3]='د' windows=[3]
char[4]=' ' windows=[4]
char[5]='ط' windows=[5]
char[6]='و' windows=[6]
char[7]='ل' windows=[7]
char[8]=' ' windows=[8]
char[9]='ا' windows=[9]
char[10]='ن' windows=[10]
char[11]='ت' windows=[11]
char[12]='ظ' windows=[12]
char[13]='ا' windows=[13]
char[14]='ر' windows=[14]
char[15]=' ' windows=[15]
char[16]='ا' windows=[16, 17]
char[17]='ل' windows=[18, 19]
char[18]='ا' windows=[20, 21]
char[19]='س' windows=[22]
char[20]='ت' windows=[23]
char[21]='م' windows=[24]
char[22]='ا' windows=[25]
char[23]='ع' windows=[26, 27, 28, 29, 30, 31, 32, 33]
char[24]=' ' windows=[34, 35, 36, 37]
char[25]='ا' windows=[38, 39, 40, 41, 42]
char[26]='ل' windows=[43]
char[27]='ج' windows=[44, 45, 46, 47]
char[28]='ي' windows=[48]
char[29]='د' windows=[49, 50, 51, 52, 53]
char[30]=' ' windows=[54, 55]
char[31]='ي' windows=[56, 57, 58, 59]
char[32]='ع' windows=[60, 61, 62, 63, 64, 65, 66, 67, 68, 69]
char[33]='ت' windows=[70]
char[34]='ب' windows=[71]
char[35]='ر' windows=[72]
char[36]=' ' windows=[73]
char[37]='م' windows=[74]
char[38]='ه' windows=[75]
char[39]='ا' windows=[76]
char[40]='ر' windows=[77]
char[41]='ة' windows=[78, 79, 80]
char[42]=' ' windows=[81]
char[43]='م' windows=[82]
char[44]='ه' windows=[83]
char[45]='م' windows=[84, 85]
char[46]='ة' windows=[86, 87]
char[47]=' ' windows=[88]
char[48]='غ' windows=[89]
char[49]='ا' windows=[90, 91, 92, 93, 94, 95, 96, 97, 98, 99, 100, 101]
char[50]='ل' windows=[102, 103]
char[51]='ب' windows=[104, 105]
char[52]='ا' windows=[106, 107]
char[53]=' ' windows=[108]
char[54]='م' windows=[109]
char[55]='ا' windows=[110, 111, 112, 113]
char[56]=' ' windows=[114, 115, 116]
char[57]='ف' windows=[117]
char[58]='ي' windows=[118]
char[59]=' ' windows=[119]
char[60]='أ' windows=[120, 121]
char[61]='ع' windows=[122, 123, 124]
char[62]='م' windows=[125]
char[63]='ا' windows=[126]
char[64]=' ' windows=[127]
[LOSS] alignment_loss_type=d3tw_char_pool  d3tw_loss=10.0350  d3tw_cost_pos=481.7912  d3tw_cost_neg=477.3201  total_loss=10.0350  char_pool_loss=3.4725  effective_char_pool_weight=0.0000  char_pool_acc_top1=0.1038  char_pool_acc_top5=0.3462  char_pool_valid_chars=2080  char_pool_num_chars=2080  window_size=16  stride=16  window_overlap_mode=no_overlap  num_windows=64  sequence_length=128
Epoch 1, Batch 1, Loss: 10.0350
Epoch 1, Batch 2, Loss: 9.9426
Epoch 1, Batch 3, Loss: 9.8434
Epoch 1, Batch 4, Loss: 9.6598
Epoch 1, Batch 5, Loss: 9.4033
Epoch 1, Batch 6, Loss: 9.1970
Epoch 1, Batch 7, Loss: 8.9085
Epoch 1, Batch 8, Loss: 8.7076
Epoch 1, Batch 9, Loss: 8.3981
Epoch 1, Batch 10, Loss: 8.2177
[DTW] raw: pos=349.9  neg=612.2  |  prob: pos_wins=0.432 (goal→1.0)  |  gap=-2.050  loss=7.9504
[LOSS] alignment_loss_type=d3tw_char_pool  d3tw_loss=7.9504  d3tw_cost_pos=349.8510  d3tw_cost_neg=612.1933  total_loss=7.9504  char_pool_loss=1.7073  effective_char_pool_weight=0.0000  char_pool_acc_top1=0.6125  char_pool_acc_top5=0.7933  char_pool_valid_chars=2080  char_pool_num_chars=2080  window_size=16  stride=16  window_overlap_mode=no_overlap  num_windows=64  sequence_length=128
Epoch 1, Batch 11, Loss: 7.9504
Epoch 1, Batch 12, Loss: 7.7067
Epoch 1, Batch 13, Loss: 7.4927
Epoch 1, Batch 14, Loss: 7.3312
Epoch 1, Batch 15, Loss: 7.0687
Epoch 1, Batch 16, Loss: 6.9033
Epoch 1, Batch 17, Loss: 6.6691
Epoch 1, Batch 18, Loss: 6.4685
Epoch 1, Batch 19, Loss: 6.3480
Epoch 1, Batch 20, Loss: 6.2355
[DTW] raw: pos=299.0  neg=817.0  |  prob: pos_wins=0.835 (goal→1.0)  |  gap=-4.047  loss=5.9528
[LOSS] alignment_loss_type=d3tw_char_pool  d3tw_loss=5.9528  d3tw_cost_pos=298.9555  d3tw_cost_neg=816.9968  total_loss=5.9528  char_pool_loss=1.3046  effective_char_pool_weight=0.0000  char_pool_acc_top1=0.7591  char_pool_acc_top5=0.8928  char_pool_valid_chars=2080  char_pool_num_chars=2080  window_size=16  stride=16  window_overlap_mode=no_overlap  num_windows=64  sequence_length=128
Epoch 1, Batch 21, Loss: 5.9528
Epoch 1, Batch 22, Loss: 5.7903
Epoch 1, Batch 23, Loss: 5.6496
Epoch 1, Batch 24, Loss: 5.6376
Epoch 1, Batch 25, Loss: 5.4748
Epoch 1, Batch 26, Loss: 5.3240
Epoch 1, Batch 27, Loss: 5.2068
Epoch 1, Batch 28, Loss: 5.1592
Epoch 1, Batch 29, Loss: 5.0123
Epoch 1, Batch 30, Loss: 4.9558
[DTW] raw: pos=280.8  neg=923.6  |  prob: pos_wins=0.924 (goal→1.0)  |  gap=-5.022  loss=4.9782
[LOSS] alignment_loss_type=d3tw_char_pool  d3tw_loss=4.9782  d3tw_cost_pos=280.7657  d3tw_cost_neg=923.5505  total_loss=4.9782  char_pool_loss=1.1420  effective_char_pool_weight=0.0000  char_pool_acc_top1=0.8135  char_pool_acc_top5=0.9476  char_pool_valid_chars=2080  char_pool_num_chars=2080  window_size=16  stride=16  window_overlap_mode=no_overlap  num_windows=64  sequence_length=128
Epoch 1, Batch 31, Loss: 4.9782
Epoch 1, Batch 32, Loss: 4.7799
Epoch 1, Batch 33, Loss: 4.7206
Epoch 1, Batch 34, Loss: 4.5457
Epoch 1, Batch 35, Loss: 4.5064
Epoch 1, Batch 36, Loss: 4.3811
Epoch 1, Batch 37, Loss: 4.3674
Epoch 1, Batch 38, Loss: 4.2839
Epoch 1, Batch 39, Loss: 4.2698
Epoch 1, Batch 40, Loss: 4.1680
[DTW] raw: pos=253.1  neg=995.8  |  prob: pos_wins=0.957 (goal→1.0)  |  gap=-5.802  loss=4.1975
[LOSS] alignment_loss_type=d3tw_char_pool  d3tw_loss=4.1975  d3tw_cost_pos=253.0882  d3tw_cost_neg=995.8066  total_loss=4.1975  char_pool_loss=0.8349  effective_char_pool_weight=0.0000  char_pool_acc_top1=0.8740  char_pool_acc_top5=0.9625  char_pool_valid_chars=2080  char_pool_num_chars=2080  window_size=16  stride=16  window_overlap_mode=no_overlap  num_windows=64  sequence_length=128
Epoch 1, Batch 41, Loss: 4.1975
Epoch 1, Batch 42, Loss: 4.0322
Epoch 1, Batch 43, Loss: 4.0398
Epoch 1, Batch 44, Loss: 4.0063
Epoch 1, Batch 45, Loss: 3.9067
Epoch 1, Batch 46, Loss: 3.9180
Epoch 1, Batch 47, Loss: 3.9499
Epoch 1, Batch 48, Loss: 3.8465
Epoch 1, Batch 49, Loss: 3.8694
Epoch 1, Batch 50, Loss: 3.7781
[DTW] raw: pos=250.9  neg=1067.9  |  prob: pos_wins=0.978 (goal→1.0)  |  gap=-6.383  loss=3.6167
[LOSS] alignment_loss_type=d3tw_char_pool  d3tw_loss=3.6167  d3tw_cost_pos=250.8626  d3tw_cost_neg=1067.9189  total_loss=3.6167  char_pool_loss=0.8181  effective_char_pool_weight=0.0000  char_pool_acc_top1=0.8976  char_pool_acc_top5=0.9601  char_pool_valid_chars=2080  char_pool_num_chars=2080  window_size=16  stride=16  window_overlap_mode=no_overlap  num_windows=64  sequence_length=128
Epoch 1, Batch 51, Loss: 3.6167
Epoch 1, Batch 52, Loss: 3.7016
Epoch 1, Batch 53, Loss: 3.7624
Epoch 1, Batch 54, Loss: 3.7970
Epoch 1, Batch 55, Loss: 3.6083
Epoch 1, Batch 56, Loss: 3.5533
Epoch 1, Batch 57, Loss: 3.5169
Epoch 1, Batch 58, Loss: 3.5617
Epoch 1, Batch 59, Loss: 3.6776
Epoch 1, Batch 60, Loss: 3.4750
[DTW] raw: pos=226.1  neg=1060.2  |  prob: pos_wins=0.979 (goal→1.0)  |  gap=-6.517  loss=3.4832
[LOSS] alignment_loss_type=d3tw_char_pool  d3tw_loss=3.4832  d3tw_cost_pos=226.0624  d3tw_cost_neg=1060.2083  total_loss=3.4832  char_pool_loss=0.7119  effective_char_pool_weight=0.0000  char_pool_acc_top1=0.9077  char_pool_acc_top5=0.9692  char_pool_valid_chars=2080  char_pool_num_chars=2080  window_size=16  stride=16  window_overlap_mode=no_overlap  num_windows=64  sequence_length=128
Epoch 1, Batch 61, Loss: 3.4832
Epoch 1, Batch 62, Loss: 3.5184
Epoch 1, Batch 63, Loss: 3.5051
Epoch 1, Batch 64, Loss: 3.4345
Epoch 1, Batch 65, Loss: 3.5247
Epoch 1, Batch 66, Loss: 3.4444
Epoch 1, Batch 67, Loss: 3.3116
Epoch 1, Batch 68, Loss: 3.5205
Epoch 1, Batch 69, Loss: 3.5396
Epoch 1, Batch 70, Loss: 3.3889
[DTW] raw: pos=226.0  neg=1070.6  |  prob: pos_wins=0.981 (goal→1.0)  |  gap=-6.599  loss=3.4011
[LOSS] alignment_loss_type=d3tw_char_pool  d3tw_loss=3.4011  d3tw_cost_pos=225.9722  d3tw_cost_neg=1070.6190  total_loss=3.4011  char_pool_loss=0.6607  effective_char_pool_weight=0.0000  char_pool_acc_top1=0.9188  char_pool_acc_top5=0.9736  char_pool_valid_chars=2080  char_pool_num_chars=2080  window_size=16  stride=16  window_overlap_mode=no_overlap  num_windows=64  sequence_length=128
Epoch 1, Batch 71, Loss: 3.4011
Epoch 1, Batch 72, Loss: 3.3796
Epoch 1, Batch 73, Loss: 3.2882
Epoch 1, Batch 74, Loss: 3.2980
Epoch 1, Batch 75, Loss: 3.3593
Epoch 1, Batch 76, Loss: 3.3846
Epoch 1, Batch 77, Loss: 3.4043
Epoch 1, Batch 78, Loss: 3.3078
Epoch 1, Batch 79, Loss: 3.2626
Epoch 1, Batch 80, Loss: 3.2168
[DTW] raw: pos=220.5  neg=1075.5  |  prob: pos_wins=0.983 (goal→1.0)  |  gap=-6.680  loss=3.3197
[LOSS] alignment_loss_type=d3tw_char_pool  d3tw_loss=3.3197  d3tw_cost_pos=220.4562  d3tw_cost_neg=1075.5305  total_loss=3.3197  char_pool_loss=0.5453  effective_char_pool_weight=0.0000  char_pool_acc_top1=0.9293  char_pool_acc_top5=0.9788  char_pool_valid_chars=2080  char_pool_num_chars=2080  window_size=16  stride=16  window_overlap_mode=no_overlap  num_windows=64  sequence_length=128
Epoch 1, Batch 81, Loss: 3.3197
Epoch 1, Batch 82, Loss: 3.3004
Epoch 1, Batch 83, Loss: 3.2473
Epoch 1, Batch 84, Loss: 3.2407
Epoch 1, Batch 85, Loss: 3.2479
Epoch 1, Batch 86, Loss: 3.2155
Epoch 1, Batch 87, Loss: 3.2326
Epoch 1, Batch 88, Loss: 3.1914
Epoch 1, Batch 89, Loss: 3.1635
Epoch 1, Batch 90, Loss: 3.1657
[DTW] raw: pos=207.3  neg=1071.7  |  prob: pos_wins=0.983 (goal→1.0)  |  gap=-6.753  loss=3.2473
[LOSS] alignment_loss_type=d3tw_char_pool  d3tw_loss=3.2473  d3tw_cost_pos=207.3389  d3tw_cost_neg=1071.6737  total_loss=3.2473  char_pool_loss=0.4314  effective_char_pool_weight=0.0000  char_pool_acc_top1=0.9394  char_pool_acc_top5=0.9837  char_pool_valid_chars=2080  char_pool_num_chars=2080  window_size=16  stride=16  window_overlap_mode=no_overlap  num_windows=64  sequence_length=128
Epoch 1, Batch 91, Loss: 3.2473
Epoch 1, Batch 92, Loss: 3.1140
Epoch 1, Batch 93, Loss: 3.2413
Epoch 1, Batch 94, Loss: 3.1199
Epoch 1, Batch 95, Loss: 3.1575
Epoch 1, Batch 96, Loss: 3.0421
Epoch 1, Batch 97, Loss: 3.0731
Epoch 1, Batch 98, Loss: 3.1395
Epoch 1, Batch 99, Loss: 3.1535
Epoch 1, Batch 100, Loss: 3.0150
[DTW] raw: pos=208.0  neg=1079.4  |  prob: pos_wins=0.983 (goal→1.0)  |  gap=-6.808  loss=3.1919
[LOSS] alignment_loss_type=d3tw_char_pool  d3tw_loss=3.1919  d3tw_cost_pos=208.0067  d3tw_cost_neg=1079.4351  total_loss=3.1919  char_pool_loss=0.3755  effective_char_pool_weight=0.0000  char_pool_acc_top1=0.9510  char_pool_acc_top5=0.9865  char_pool_valid_chars=2080  char_pool_num_chars=2080  window_size=16  stride=16  window_overlap_mode=no_overlap  num_windows=64  sequence_length=128
Epoch 1, Batch 101, Loss: 3.1919
Epoch 1, Batch 102, Loss: 3.0587
Epoch 1, Batch 103, Loss: 3.1360
Epoch 1, Batch 104, Loss: 3.0778
Epoch 1, Batch 105, Loss: 3.0850
Epoch 1, Batch 106, Loss: 2.9786
Epoch 1, Batch 107, Loss: 3.0780
Epoch 1, Batch 108, Loss: 3.0712
Epoch 1, Batch 109, Loss: 3.1213
Epoch 1, Batch 110, Loss: 3.0747
[DTW] raw: pos=200.6  neg=1092.0  |  prob: pos_wins=0.987 (goal→1.0)  |  gap=-6.964  loss=3.0360
[LOSS] alignment_loss_type=d3tw_char_pool  d3tw_loss=3.0360  d3tw_cost_pos=200.5907  d3tw_cost_neg=1091.9810  total_loss=3.0360  char_pool_loss=0.3294  effective_char_pool_weight=0.0000  char_pool_acc_top1=0.9567  char_pool_acc_top5=0.9875  char_pool_valid_chars=2080  char_pool_num_chars=2080  window_size=16  stride=16  window_overlap_mode=no_overlap  num_windows=64  sequence_length=128
Epoch 1, Batch 111, Loss: 3.0360
Epoch 1, Batch 112, Loss: 2.9629
Epoch 1, Batch 113, Loss: 3.0991
Epoch 1, Batch 114, Loss: 2.9667
Epoch 1, Batch 115, Loss: 3.0038
Epoch 1, Batch 116, Loss: 2.9750
Epoch 1, Batch 117, Loss: 2.9731
Epoch 1, Batch 118, Loss: 3.0162
Epoch 1, Batch 119, Loss: 2.9347
Epoch 1, Batch 120, Loss: 2.9713
[DTW] raw: pos=204.7  neg=1121.3  |  prob: pos_wins=0.989 (goal→1.0)  |  gap=-7.161  loss=2.8390
[LOSS] alignment_loss_type=d3tw_char_pool  d3tw_loss=2.8390  d3tw_cost_pos=204.7171  d3tw_cost_neg=1121.3131  total_loss=2.8390  char_pool_loss=0.3400  effective_char_pool_weight=0.0000  char_pool_acc_top1=0.9582  char_pool_acc_top5=0.9875  char_pool_valid_chars=2080  char_pool_num_chars=2080  window_size=16  stride=16  window_overlap_mode=no_overlap  num_windows=64  sequence_length=128
Epoch 1, Batch 121, Loss: 2.8390
Epoch 1, Batch 122, Loss: 2.9567
Epoch 1, Batch 123, Loss: 2.9964
Epoch 1, Batch 124, Loss: 2.9181
Epoch 1, Batch 125, Loss: 3.0484
Epoch 1, Batch 126, Loss: 3.0041
Epoch 1, Batch 127, Loss: 2.9405
Epoch 1, Batch 128, Loss: 2.9837
Epoch 1, Batch 129, Loss: 2.8511
Epoch 1, Batch 130, Loss: 2.9819
[DTW] raw: pos=202.0  neg=1098.0  |  prob: pos_wins=0.986 (goal→1.0)  |  gap=-7.000  loss=2.9996
[LOSS] alignment_loss_type=d3tw_char_pool  d3tw_loss=2.9996  d3tw_cost_pos=201.9724  d3tw_cost_neg=1098.0210  total_loss=2.9996  char_pool_loss=0.3290  effective_char_pool_weight=0.0000  char_pool_acc_top1=0.9577  char_pool_acc_top5=0.9889  char_pool_valid_chars=2080  char_pool_num_chars=2080  window_size=16  stride=16  window_overlap_mode=no_overlap  num_windows=64  sequence_length=128
Epoch 1, Batch 131, Loss: 2.9996
Epoch 1, Batch 132, Loss: 2.9443
Epoch 1, Batch 133, Loss: 2.9329
Epoch 1, Batch 134, Loss: 2.9512
Epoch 1, Batch 135, Loss: 2.8548
Epoch 1, Batch 136, Loss: 2.8764
Epoch 1, Batch 137, Loss: 2.9582
Epoch 1, Batch 138, Loss: 2.8416
Epoch 1, Batch 139, Loss: 2.9332
Epoch 1, Batch 140, Loss: 2.8842
[DTW] raw: pos=197.7  neg=1110.7  |  prob: pos_wins=0.989 (goal→1.0)  |  gap=-7.132  loss=2.8676
[LOSS] alignment_loss_type=d3tw_char_pool  d3tw_loss=2.8676  d3tw_cost_pos=197.7238  d3tw_cost_neg=1110.6653  total_loss=2.8676  char_pool_loss=0.2998  effective_char_pool_weight=0.0000  char_pool_acc_top1=0.9630  char_pool_acc_top5=0.9913  char_pool_valid_chars=2080  char_pool_num_chars=2080  window_size=16  stride=16  window_overlap_mode=no_overlap  num_windows=64  sequence_length=128
Epoch 1, Batch 141, Loss: 2.8676
Epoch 1, Batch 142, Loss: 2.8552
Epoch 1, Batch 143, Loss: 2.8802
Epoch 1, Batch 144, Loss: 2.8844
Epoch 1, Batch 145, Loss: 2.8515
Epoch 1, Batch 146, Loss: 2.7931
Epoch 1, Batch 147, Loss: 3.0971
Epoch 1, Batch 148, Loss: 2.8016
Epoch 1, Batch 149, Loss: 2.9031
Epoch 1, Batch 150, Loss: 2.8839
[DTW] raw: pos=194.4  neg=1097.5  |  prob: pos_wins=0.988 (goal→1.0)  |  gap=-7.056  loss=2.9442
[LOSS] alignment_loss_type=d3tw_char_pool  d3tw_loss=2.9442  d3tw_cost_pos=194.3795  d3tw_cost_neg=1097.5145  total_loss=2.9442  char_pool_loss=0.2474  effective_char_pool_weight=0.0000  char_pool_acc_top1=0.9673  char_pool_acc_top5=0.9928  char_pool_valid_chars=2080  char_pool_num_chars=2080  window_size=16  stride=16  window_overlap_mode=no_overlap  num_windows=64  sequence_length=128
Epoch 1, Batch 151, Loss: 2.9442
Epoch 1, Batch 152, Loss: 2.8391
Epoch 1, Batch 153, Loss: 2.7880
Epoch 1, Batch 154, Loss: 2.8779
Epoch 1, Batch 155, Loss: 2.7322
Epoch 1, Batch 156, Loss: 2.7017
Epoch 1, Batch 157, Loss: 2.8838
Epoch 1, Batch 158, Loss: 2.8321
Epoch 1, Batch 159, Loss: 2.8549
Epoch 1, Batch 160, Loss: 2.7240
[DTW] raw: pos=192.0  neg=1123.9  |  prob: pos_wins=0.990 (goal→1.0)  |  gap=-7.280  loss=2.7197
[LOSS] alignment_loss_type=d3tw_char_pool  d3tw_loss=2.7197  d3tw_cost_pos=192.0311  d3tw_cost_neg=1123.8972  total_loss=2.7197  char_pool_loss=0.2542  effective_char_pool_weight=0.0000  char_pool_acc_top1=0.9668  char_pool_acc_top5=0.9913  char_pool_valid_chars=2080  char_pool_num_chars=2080  window_size=16  stride=16  window_overlap_mode=no_overlap  num_windows=64  sequence_length=128
Epoch 1, Batch 161, Loss: 2.7197
Epoch 1, Batch 162, Loss: 2.8860
Epoch 1, Batch 163, Loss: 2.6990
Epoch 1, Batch 164, Loss: 2.8033
Epoch 1, Batch 165, Loss: 2.7614
Epoch 1, Batch 166, Loss: 2.7502
Epoch 1, Batch 167, Loss: 2.7288
Epoch 1, Batch 168, Loss: 2.8352
Epoch 1, Batch 169, Loss: 2.7115
Epoch 1, Batch 170, Loss: 2.8063
[DTW] raw: pos=194.2  neg=1119.7  |  prob: pos_wins=0.990 (goal→1.0)  |  gap=-7.231  loss=2.7690
[LOSS] alignment_loss_type=d3tw_char_pool  d3tw_loss=2.7690  d3tw_cost_pos=194.1662  d3tw_cost_neg=1119.7229  total_loss=2.7690  char_pool_loss=0.3114  effective_char_pool_weight=0.0000  char_pool_acc_top1=0.9668  char_pool_acc_top5=0.9870  char_pool_valid_chars=2080  char_pool_num_chars=2080  window_size=16  stride=16  window_overlap_mode=no_overlap  num_windows=64  sequence_length=128
Epoch 1, Batch 171, Loss: 2.7690
Epoch 1, Batch 172, Loss: 2.8229
Epoch 1, Batch 173, Loss: 2.7826
Epoch 1, Batch 174, Loss: 2.8610
Epoch 1, Batch 175, Loss: 2.8072
Epoch 1, Batch 176, Loss: 2.8002
Epoch 1, Batch 177, Loss: 2.8039
Epoch 1, Batch 178, Loss: 2.8109
Epoch 1, Batch 179, Loss: 2.7820
Epoch 1, Batch 180, Loss: 2.7284
[DTW] raw: pos=194.9  neg=1124.8  |  prob: pos_wins=0.990 (goal→1.0)  |  gap=-7.264  loss=2.7357
[LOSS] alignment_loss_type=d3tw_char_pool  d3tw_loss=2.7357  d3tw_cost_pos=194.9422  d3tw_cost_neg=1124.7675  total_loss=2.7357  char_pool_loss=0.2573  effective_char_pool_weight=0.0000  char_pool_acc_top1=0.9712  char_pool_acc_top5=0.9928  char_pool_valid_chars=2080  char_pool_num_chars=2080  window_size=16  stride=16  window_overlap_mode=no_overlap  num_windows=64  sequence_length=128
Epoch 1, Batch 181, Loss: 2.7357
Epoch 1, Batch 182, Loss: 2.8291
Epoch 1, Batch 183, Loss: 2.8382
Epoch 1, Batch 184, Loss: 2.8546
Epoch 1, Batch 185, Loss: 2.8467
Epoch 1, Batch 186, Loss: 2.7631
Epoch 1, Batch 187, Loss: 2.7839
Epoch 1, Batch 188, Loss: 2.7514
Epoch 1, Batch 189, Loss: 2.8543
Epoch 1, Batch 190, Loss: 2.8013
[DTW] raw: pos=192.0  neg=1112.8  |  prob: pos_wins=0.989 (goal→1.0)  |  gap=-7.193  loss=2.8068
[LOSS] alignment_loss_type=d3tw_char_pool  d3tw_loss=2.8068  d3tw_cost_pos=192.0479  d3tw_cost_neg=1112.7688  total_loss=2.8068  char_pool_loss=0.2227  effective_char_pool_weight=0.0000  char_pool_acc_top1=0.9726  char_pool_acc_top5=0.9909  char_pool_valid_chars=2080  char_pool_num_chars=2080  window_size=16  stride=16  window_overlap_mode=no_overlap  num_windows=64  sequence_length=128
Epoch 1, Batch 191, Loss: 2.8068
Epoch 1, Batch 192, Loss: 2.7548
Epoch 1, Batch 193, Loss: 2.6809
Epoch 1, Batch 194, Loss: 2.7424
Epoch 1, Batch 195, Loss: 2.6862
Epoch 1, Batch 196, Loss: 2.6873
Epoch 1, Batch 197, Loss: 2.6716
Epoch 1, Batch 198, Loss: 2.7211
Epoch 1, Batch 199, Loss: 2.7592
Epoch 1, Batch 200, Loss: 2.6303
[DTW] raw: pos=197.9  neg=1129.1  |  prob: pos_wins=0.990 (goal→1.0)  |  gap=-7.275  loss=2.7251
[LOSS] alignment_loss_type=d3tw_char_pool  d3tw_loss=2.7251  d3tw_cost_pos=197.9096  d3tw_cost_neg=1129.0930  total_loss=2.7251  char_pool_loss=0.2619  effective_char_pool_weight=0.0000  char_pool_acc_top1=0.9697  char_pool_acc_top5=0.9904  char_pool_valid_chars=2080  char_pool_num_chars=2080  window_size=16  stride=16  window_overlap_mode=no_overlap  num_windows=64  sequence_length=128
Epoch 1, Batch 201, Loss: 2.7251
Epoch 1, Batch 202, Loss: 2.7257
Epoch 1, Batch 203, Loss: 2.7648
Epoch 1, Batch 204, Loss: 2.7748
Epoch 1, Batch 205, Loss: 2.7259
Epoch 1, Batch 206, Loss: 2.7040
Epoch 1, Batch 207, Loss: 2.7623
Epoch 1, Batch 208, Loss: 2.7674
Epoch 1, Batch 209, Loss: 2.6479
Epoch 1, Batch 210, Loss: 2.7124
[DTW] raw: pos=183.8  neg=1117.5  |  prob: pos_wins=0.990 (goal→1.0)  |  gap=-7.294  loss=2.7055
[LOSS] alignment_loss_type=d3tw_char_pool  d3tw_loss=2.7055  d3tw_cost_pos=183.8253  d3tw_cost_neg=1117.5110  total_loss=2.7055  char_pool_loss=0.1210  effective_char_pool_weight=0.0000  char_pool_acc_top1=0.9837  char_pool_acc_top5=0.9971  char_pool_valid_chars=2080  char_pool_num_chars=2080  window_size=16  stride=16  window_overlap_mode=no_overlap  num_windows=64  sequence_length=128
Epoch 1, Batch 211, Loss: 2.7055
Epoch 1, Batch 212, Loss: 2.8046
Epoch 1, Batch 213, Loss: 2.6289
Epoch 1, Batch 214, Loss: 2.7294
Epoch 1, Batch 215, Loss: 2.7266
Epoch 1, Batch 216, Loss: 2.6258
Epoch 1, Batch 217, Loss: 2.7002
Epoch 1, Batch 218, Loss: 2.7782
Epoch 1, Batch 219, Loss: 2.5889
Epoch 1, Batch 220, Loss: 2.7275
[DTW] raw: pos=188.4  neg=1115.7  |  prob: pos_wins=0.990 (goal→1.0)  |  gap=-7.244  loss=2.7560
[LOSS] alignment_loss_type=d3tw_char_pool  d3tw_loss=2.7560  d3tw_cost_pos=188.4385  d3tw_cost_neg=1115.6664  total_loss=2.7560  char_pool_loss=0.1942  effective_char_pool_weight=0.0000  char_pool_acc_top1=0.9707  char_pool_acc_top5=0.9947  char_pool_valid_chars=2080  char_pool_num_chars=2080  window_size=16  stride=16  window_overlap_mode=no_overlap  num_windows=64  sequence_length=128
Epoch 1, Batch 221, Loss: 2.7560
Epoch 1, Batch 222, Loss: 2.7632
Epoch 1, Batch 223, Loss: 2.6192
Epoch 1, Batch 224, Loss: 2.7602
Epoch 1, Batch 225, Loss: 2.7134
Epoch 1, Batch 226, Loss: 2.7853
Epoch 1, Batch 227, Loss: 2.7220
Epoch 1, Batch 228, Loss: 2.6346
Epoch 1, Batch 229, Loss: 2.8813
Epoch 1, Batch 230, Loss: 2.6802
[DTW] raw: pos=190.1  neg=1111.1  |  prob: pos_wins=0.986 (goal→1.0)  |  gap=-7.196  loss=2.8043
[LOSS] alignment_loss_type=d3tw_char_pool  d3tw_loss=2.8043  d3tw_cost_pos=190.0549  d3tw_cost_neg=1111.1006  total_loss=2.8043  char_pool_loss=0.2015  effective_char_pool_weight=0.0000  char_pool_acc_top1=0.9750  char_pool_acc_top5=0.9942  char_pool_valid_chars=2080  char_pool_num_chars=2080  window_size=16  stride=16  window_overlap_mode=no_overlap  num_windows=64  sequence_length=128
Epoch 1, Batch 231, Loss: 2.8043
Epoch 1, Batch 232, Loss: 2.7292
Epoch 1, Batch 233, Loss: 2.5844
Epoch 1, Batch 234, Loss: 2.5112
Epoch 1, Batch 235, Loss: 2.7526
Epoch 1, Batch 236, Loss: 2.6421
Epoch 1, Batch 237, Loss: 2.7307
Epoch 1, Batch 238, Loss: 2.6939
Epoch 1, Batch 239, Loss: 2.7809
Epoch 1, Batch 240, Loss: 2.7128
[DTW] raw: pos=185.2  neg=1117.4  |  prob: pos_wins=0.990 (goal→1.0)  |  gap=-7.283  loss=2.7168
[LOSS] alignment_loss_type=d3tw_char_pool  d3tw_loss=2.7168  d3tw_cost_pos=185.1532  d3tw_cost_neg=1117.4003  total_loss=2.7168  char_pool_loss=0.1576  effective_char_pool_weight=0.0000  char_pool_acc_top1=0.9803  char_pool_acc_top5=0.9942  char_pool_valid_chars=2080  char_pool_num_chars=2080  window_size=16  stride=16  window_overlap_mode=no_overlap  num_windows=64  sequence_length=128
Epoch 1, Batch 241, Loss: 2.7168
Epoch 1, Batch 242, Loss: 2.8091
Epoch 1, Batch 243, Loss: 2.5771
Epoch 1, Batch 244, Loss: 2.6849
Epoch 1, Batch 245, Loss: 2.6655
Epoch 1, Batch 246, Loss: 2.6061
Epoch 1, Batch 247, Loss: 2.6144
Epoch 1, Batch 248, Loss: 2.8540
Epoch 1, Batch 249, Loss: 2.5525
Epoch 1, Batch 250, Loss: 2.7602
[DTW] raw: pos=185.7  neg=1111.5  |  prob: pos_wins=0.989 (goal→1.0)  |  gap=-7.233  loss=2.7668
[LOSS] alignment_loss_type=d3tw_char_pool  d3tw_loss=2.7668  d3tw_cost_pos=185.6769  d3tw_cost_neg=1111.5159  total_loss=2.7668  char_pool_loss=0.1779  effective_char_pool_weight=0.0000  char_pool_acc_top1=0.9798  char_pool_acc_top5=0.9947  char_pool_valid_chars=2080  char_pool_num_chars=2080  window_size=16  stride=16  window_overlap_mode=no_overlap  num_windows=64  sequence_length=128
Epoch 1, Batch 251, Loss: 2.7668
Epoch 1, Batch 252, Loss: 2.7084
Epoch 1, Batch 253, Loss: 2.6778
Epoch 1, Batch 254, Loss: 2.6656
Epoch 1, Batch 255, Loss: 2.6880
Epoch 1, Batch 256, Loss: 2.6827
Epoch 1, Batch 257, Loss: 2.6750
Epoch 1, Batch 258, Loss: 2.5567
Epoch 1, Batch 259, Loss: 2.6649
Epoch 1, Batch 260, Loss: 2.5950
[DTW] raw: pos=184.8  neg=1130.8  |  prob: pos_wins=0.991 (goal→1.0)  |  gap=-7.391  loss=2.6091
[LOSS] alignment_loss_type=d3tw_char_pool  d3tw_loss=2.6091  d3tw_cost_pos=184.8176  d3tw_cost_neg=1130.8433  total_loss=2.6091  char_pool_loss=0.1820  effective_char_pool_weight=0.0000  char_pool_acc_top1=0.9764  char_pool_acc_top5=0.9952  char_pool_valid_chars=2080  char_pool_num_chars=2080  window_size=16  stride=16  window_overlap_mode=no_overlap  num_windows=64  sequence_length=128
Epoch 1, Batch 261, Loss: 2.6091
Epoch 1, Batch 262, Loss: 2.6950
Epoch 1, Batch 263, Loss: 2.6010
Epoch 1, Batch 264, Loss: 2.6183
Epoch 1, Batch 265, Loss: 2.6593
Epoch 1, Batch 266, Loss: 2.7282
Epoch 1, Batch 267, Loss: 2.6250
Epoch 1, Batch 268, Loss: 2.6832
Epoch 1, Batch 269, Loss: 2.5434
Epoch 1, Batch 270, Loss: 2.5269
[DTW] raw: pos=180.6  neg=1129.0  |  prob: pos_wins=0.991 (goal→1.0)  |  gap=-7.410  loss=2.5904
[LOSS] alignment_loss_type=d3tw_char_pool  d3tw_loss=2.5904  d3tw_cost_pos=180.6039  d3tw_cost_neg=1129.0261  total_loss=2.5904  char_pool_loss=0.1201  effective_char_pool_weight=0.0000  char_pool_acc_top1=0.9846  char_pool_acc_top5=0.9976  char_pool_valid_chars=2080  char_pool_num_chars=2080  window_size=16  stride=16  window_overlap_mode=no_overlap  num_windows=64  sequence_length=128
Epoch 1, Batch 271, Loss: 2.5904
Epoch 1, Batch 272, Loss: 2.6282
Epoch 1, Batch 273, Loss: 2.6638
Epoch 1, Batch 274, Loss: 2.6887
Epoch 1, Batch 275, Loss: 2.6781
Epoch 1, Batch 276, Loss: 2.5635
Epoch 1, Batch 277, Loss: 2.5533
Epoch 1, Batch 278, Loss: 2.6505
Epoch 1, Batch 279, Loss: 2.6517
Epoch 1, Batch 280, Loss: 2.5511
[DTW] raw: pos=184.6  neg=1116.6  |  prob: pos_wins=0.990 (goal→1.0)  |  gap=-7.281  loss=2.7186
[LOSS] alignment_loss_type=d3tw_char_pool  d3tw_loss=2.7186  d3tw_cost_pos=184.5881  d3tw_cost_neg=1116.6001  total_loss=2.7186  char_pool_loss=0.1425  effective_char_pool_weight=0.0000  char_pool_acc_top1=0.9817  char_pool_acc_top5=0.9942  char_pool_valid_chars=2080  char_pool_num_chars=2080  window_size=16  stride=16  window_overlap_mode=no_overlap  num_windows=64  sequence_length=128
Epoch 1, Batch 281, Loss: 2.7186
Epoch 1, Batch 282, Loss: 2.6156
Epoch 1, Batch 283, Loss: 2.5958
Epoch 1, Batch 284, Loss: 2.6689
Epoch 1, Batch 285, Loss: 2.5601
Epoch 1, Batch 286, Loss: 2.6222
Epoch 1, Batch 287, Loss: 2.4987
Epoch 1, Batch 288, Loss: 2.5881
Epoch 1, Batch 289, Loss: 2.5872
Epoch 1, Batch 290, Loss: 2.5867
[DTW] raw: pos=181.2  neg=1137.4  |  prob: pos_wins=0.992 (goal→1.0)  |  gap=-7.470  loss=2.5307
[LOSS] alignment_loss_type=d3tw_char_pool  d3tw_loss=2.5307  d3tw_cost_pos=181.2398  d3tw_cost_neg=1137.3718  total_loss=2.5307  char_pool_loss=0.1390  effective_char_pool_weight=0.0000  char_pool_acc_top1=0.9846  char_pool_acc_top5=0.9966  char_pool_valid_chars=2080  char_pool_num_chars=2080  window_size=16  stride=16  window_overlap_mode=no_overlap  num_windows=64  sequence_length=128
Epoch 1, Batch 291, Loss: 2.5307
Epoch 1, Batch 292, Loss: 2.6746
Epoch 1, Batch 293, Loss: 2.6227
Epoch 1, Batch 294, Loss: 2.6836
Epoch 1, Batch 295, Loss: 2.5844
Epoch 1, Batch 296, Loss: 2.5453
Epoch 1, Batch 297, Loss: 2.7414
Epoch 1, Batch 298, Loss: 2.6094
Epoch 1, Batch 299, Loss: 2.6804
Epoch 1, Batch 300, Loss: 2.4905
[DTW] raw: pos=183.4  neg=1141.9  |  prob: pos_wins=0.992 (goal→1.0)  |  gap=-7.488  loss=2.5118
[LOSS] alignment_loss_type=d3tw_char_pool  d3tw_loss=2.5118  d3tw_cost_pos=183.4287  d3tw_cost_neg=1141.9067  total_loss=2.5118  char_pool_loss=0.0907  effective_char_pool_weight=0.0000  char_pool_acc_top1=0.9865  char_pool_acc_top5=0.9976  char_pool_valid_chars=2080  char_pool_num_chars=2080  window_size=16  stride=16  window_overlap_mode=no_overlap  num_windows=64  sequence_length=128
Epoch 1, Batch 301, Loss: 2.5118
Epoch 1, Batch 302, Loss: 2.5894
Epoch 1, Batch 303, Loss: 2.4992
Epoch 1, Batch 304, Loss: 2.6628
Epoch 1, Batch 305, Loss: 2.6005
Epoch 1, Batch 306, Loss: 2.6140
Epoch 1, Batch 307, Loss: 2.6049
Epoch 1, Batch 308, Loss: 2.6799
Epoch 1, Batch 309, Loss: 2.5654
Epoch 1, Batch 310, Loss: 2.6397
[DTW] raw: pos=186.6  neg=1134.4  |  prob: pos_wins=0.992 (goal→1.0)  |  gap=-7.405  loss=2.5954
[LOSS] alignment_loss_type=d3tw_char_pool  d3tw_loss=2.5954  d3tw_cost_pos=186.6389  d3tw_cost_neg=1134.4233  total_loss=2.5954  char_pool_loss=0.1464  effective_char_pool_weight=0.0000  char_pool_acc_top1=0.9832  char_pool_acc_top5=0.9947  char_pool_valid_chars=2080  char_pool_num_chars=2080  window_size=16  stride=16  window_overlap_mode=no_overlap  num_windows=64  sequence_length=128
Epoch 1, Batch 311, Loss: 2.5954
Epoch 1, Batch 312, Loss: 2.7328
Epoch 1, Batch 313, Loss: 2.4898
Epoch 1, Batch 314, Loss: 2.5750
Epoch 1, Batch 315, Loss: 2.3647
Epoch 1, Batch 316, Loss: 2.6044
Epoch 1, Batch 317, Loss: 2.6272
Epoch 1, Batch 318, Loss: 2.5881
Epoch 1, Batch 319, Loss: 2.6143
Epoch 1, Batch 320, Loss: 2.6525
[DTW] raw: pos=184.5  neg=1134.6  |  prob: pos_wins=0.992 (goal→1.0)  |  gap=-7.423  loss=2.5769
[LOSS] alignment_loss_type=d3tw_char_pool  d3tw_loss=2.5769  d3tw_cost_pos=184.4782  d3tw_cost_neg=1134.6245  total_loss=2.5769  char_pool_loss=0.1571  effective_char_pool_weight=0.0000  char_pool_acc_top1=0.9813  char_pool_acc_top5=0.9957  char_pool_valid_chars=2080  char_pool_num_chars=2080  window_size=16  stride=16  window_overlap_mode=no_overlap  num_windows=64  sequence_length=128
Epoch 1, Batch 321, Loss: 2.5769
Epoch 1, Batch 322, Loss: 2.4806
Epoch 1, Batch 323, Loss: 2.5731
Epoch 1, Batch 324, Loss: 2.5581
Epoch 1, Batch 325, Loss: 2.4616
Epoch 1, Batch 326, Loss: 2.6154
Epoch 1, Batch 327, Loss: 2.6391
Epoch 1, Batch 328, Loss: 2.6623
Epoch 1, Batch 329, Loss: 2.6091
Epoch 1, Batch 330, Loss: 2.5223
[DTW] raw: pos=181.5  neg=1139.5  |  prob: pos_wins=0.991 (goal→1.0)  |  gap=-7.485  loss=2.5154
[LOSS] alignment_loss_type=d3tw_char_pool  d3tw_loss=2.5154  d3tw_cost_pos=181.5124  d3tw_cost_neg=1139.5293  total_loss=2.5154  char_pool_loss=0.1469  effective_char_pool_weight=0.0000  char_pool_acc_top1=0.9851  char_pool_acc_top5=0.9952  char_pool_valid_chars=2080  char_pool_num_chars=2080  window_size=16  stride=16  window_overlap_mode=no_overlap  num_windows=64  sequence_length=128
Epoch 1, Batch 331, Loss: 2.5154
Epoch 1, Batch 332, Loss: 2.5905
Epoch 1, Batch 333, Loss: 2.4953
Epoch 1, Batch 334, Loss: 2.6015
Epoch 1, Batch 335, Loss: 2.5963
Epoch 1, Batch 336, Loss: 2.6273
Epoch 1, Batch 337, Loss: 2.6277
Epoch 1, Batch 338, Loss: 2.4999
Epoch 1, Batch 339, Loss: 2.5520
Epoch 1, Batch 340, Loss: 2.5499
[DTW] raw: pos=187.3  neg=1135.8  |  prob: pos_wins=0.990 (goal→1.0)  |  gap=-7.410  loss=2.5895
[LOSS] alignment_loss_type=d3tw_char_pool  d3tw_loss=2.5895  d3tw_cost_pos=187.2971  d3tw_cost_neg=1135.8306  total_loss=2.5895  char_pool_loss=0.1807  effective_char_pool_weight=0.0000  char_pool_acc_top1=0.9793  char_pool_acc_top5=0.9933  char_pool_valid_chars=2080  char_pool_num_chars=2080  window_size=16  stride=16  window_overlap_mode=no_overlap  num_windows=64  sequence_length=128
Epoch 1, Batch 341, Loss: 2.5895
Epoch 1, Batch 342, Loss: 2.6021
Epoch 1, Batch 343, Loss: 2.5658
Epoch 1, Batch 344, Loss: 2.5359
Epoch 1, Batch 345, Loss: 2.4965
Epoch 1, Batch 346, Loss: 2.6054
Epoch 1, Batch 347, Loss: 2.6231
Epoch 1, Batch 348, Loss: 2.5371
Epoch 1, Batch 349, Loss: 2.5666
Epoch 1, Batch 350, Loss: 2.5972
[DTW] raw: pos=180.7  neg=1139.8  |  prob: pos_wins=0.991 (goal→1.0)  |  gap=-7.493  loss=2.5068
[LOSS] alignment_loss_type=d3tw_char_pool  d3tw_loss=2.5068  d3tw_cost_pos=180.7321  d3tw_cost_neg=1139.8456  total_loss=2.5068  char_pool_loss=0.1857  effective_char_pool_weight=0.0000  char_pool_acc_top1=0.9779  char_pool_acc_top5=0.9938  char_pool_valid_chars=2080  char_pool_num_chars=2080  window_size=16  stride=16  window_overlap_mode=no_overlap  num_windows=64  sequence_length=128
Epoch 1, Batch 351, Loss: 2.5068
Epoch 1, Batch 352, Loss: 2.6069
Epoch 1, Batch 353, Loss: 2.4848
Epoch 1, Batch 354, Loss: 2.5138
Epoch 1, Batch 355, Loss: 2.5319
Epoch 1, Batch 356, Loss: 2.6269
Epoch 1, Batch 357, Loss: 2.4644
Epoch 1, Batch 358, Loss: 2.4822
Epoch 1, Batch 359, Loss: 2.6170
Epoch 1, Batch 360, Loss: 2.6179
[DTW] raw: pos=182.6  neg=1135.1  |  prob: pos_wins=0.992 (goal→1.0)  |  gap=-7.441  loss=2.5590
[LOSS] alignment_loss_type=d3tw_char_pool  d3tw_loss=2.5590  d3tw_cost_pos=182.6235  d3tw_cost_neg=1135.0603  total_loss=2.5590  char_pool_loss=0.1403  effective_char_pool_weight=0.0000  char_pool_acc_top1=0.9803  char_pool_acc_top5=0.9971  char_pool_valid_chars=2080  char_pool_num_chars=2080  window_size=16  stride=16  window_overlap_mode=no_overlap  num_windows=64  sequence_length=128
Epoch 1, Batch 361, Loss: 2.5590
Epoch 1, Batch 362, Loss: 2.4988
Epoch 1, Batch 363, Loss: 2.4846
Epoch 1, Batch 364, Loss: 2.5619
Epoch 1, Batch 365, Loss: 2.4645
Epoch 1, Batch 366, Loss: 2.5776
Epoch 1, Batch 367, Loss: 2.4107
Epoch 1, Batch 368, Loss: 2.4872
Epoch 1, Batch 369, Loss: 2.6013
Epoch 1, Batch 370, Loss: 2.5135
[DTW] raw: pos=184.1  neg=1145.4  |  prob: pos_wins=0.993 (goal→1.0)  |  gap=-7.510  loss=2.4895
[LOSS] alignment_loss_type=d3tw_char_pool  d3tw_loss=2.4895  d3tw_cost_pos=184.1055  d3tw_cost_neg=1145.4351  total_loss=2.4895  char_pool_loss=0.1515  effective_char_pool_weight=0.0000  char_pool_acc_top1=0.9827  char_pool_acc_top5=0.9933  char_pool_valid_chars=2080  char_pool_num_chars=2080  window_size=16  stride=16  window_overlap_mode=no_overlap  num_windows=64  sequence_length=128
Epoch 1, Batch 371, Loss: 2.4895
Epoch 1, Batch 372, Loss: 2.4884
Epoch 1, Batch 373, Loss: 2.5156
Epoch 1, Batch 374, Loss: 2.5868
Epoch 1, Batch 375, Loss: 2.4291
Epoch 1, Batch 376, Loss: 2.5690
Epoch 1, Batch 377, Loss: 2.5447
Epoch 1, Batch 378, Loss: 2.5152
Epoch 1, Batch 379, Loss: 2.4448
Epoch 1, Batch 380, Loss: 2.4600
[DTW] raw: pos=187.5  neg=1133.2  |  prob: pos_wins=0.990 (goal→1.0)  |  gap=-7.388  loss=2.6121
[LOSS] alignment_loss_type=d3tw_char_pool  d3tw_loss=2.6121  d3tw_cost_pos=187.5178  d3tw_cost_neg=1133.1620  total_loss=2.6121  char_pool_loss=0.1405  effective_char_pool_weight=0.0000  char_pool_acc_top1=0.9851  char_pool_acc_top5=0.9938  char_pool_valid_chars=2080  char_pool_num_chars=2080  window_size=16  stride=16  window_overlap_mode=no_overlap  num_windows=64  sequence_length=128
Epoch 1, Batch 381, Loss: 2.6121
Epoch 1, Batch 382, Loss: 2.6833
Epoch 1, Batch 383, Loss: 2.5087
Epoch 1, Batch 384, Loss: 2.4621
Epoch 1, Batch 385, Loss: 2.5136
Epoch 1, Batch 386, Loss: 2.5011
Epoch 1, Batch 387, Loss: 2.3663
Epoch 1, Batch 388, Loss: 2.5378
Epoch 1, Batch 389, Loss: 2.4435
Epoch 1, Batch 390, Loss: 2.5929
[DTW] raw: pos=182.3  neg=1137.5  |  prob: pos_wins=0.991 (goal→1.0)  |  gap=-7.462  loss=2.5376
[LOSS] alignment_loss_type=d3tw_char_pool  d3tw_loss=2.5376  d3tw_cost_pos=182.3370  d3tw_cost_neg=1137.5133  total_loss=2.5376  char_pool_loss=0.0771  effective_char_pool_weight=0.0000  char_pool_acc_top1=0.9894  char_pool_acc_top5=0.9986  char_pool_valid_chars=2080  char_pool_num_chars=2080  window_size=16  stride=16  window_overlap_mode=no_overlap  num_windows=64  sequence_length=128
Epoch 1, Batch 391, Loss: 2.5376
Epoch 1, Batch 392, Loss: 2.5712
Epoch 1, Batch 393, Loss: 2.6006
Epoch 1, Batch 394, Loss: 2.5873
Epoch 1, Batch 395, Loss: 2.5674
Epoch 1, Batch 396, Loss: 2.5822
Epoch 1, Batch 397, Loss: 2.4895
Epoch 1, Batch 398, Loss: 2.4615
Epoch 1, Batch 399, Loss: 2.4758
Epoch 1, Batch 400, Loss: 2.6172
[DTW] raw: pos=185.4  neg=1142.1  |  prob: pos_wins=0.991 (goal→1.0)  |  gap=-7.474  loss=2.5256
[LOSS] alignment_loss_type=d3tw_char_pool  d3tw_loss=2.5256  d3tw_cost_pos=185.3731  d3tw_cost_neg=1142.0916  total_loss=2.5256  char_pool_loss=0.1562  effective_char_pool_weight=0.0000  char_pool_acc_top1=0.9817  char_pool_acc_top5=0.9933  char_pool_valid_chars=2080  char_pool_num_chars=2080  window_size=16  stride=16  window_overlap_mode=no_overlap  num_windows=64  sequence_length=128
Epoch 1, Batch 401, Loss: 2.5256
Epoch 1, Batch 402, Loss: 2.4545
Epoch 1, Batch 403, Loss: 2.4557
Epoch 1, Batch 404, Loss: 2.5444
Epoch 1, Batch 405, Loss: 2.4101
Epoch 1, Batch 406, Loss: 2.4815
Epoch 1, Batch 407, Loss: 2.5952
Epoch 1, Batch 408, Loss: 2.5333
Epoch 1, Batch 409, Loss: 2.4431
Epoch 1, Batch 410, Loss: 2.4955
[DTW] raw: pos=184.1  neg=1132.1  |  prob: pos_wins=0.991 (goal→1.0)  |  gap=-7.407  loss=2.5933
[LOSS] alignment_loss_type=d3tw_char_pool  d3tw_loss=2.5933  d3tw_cost_pos=184.0781  d3tw_cost_neg=1132.1257  total_loss=2.5933  char_pool_loss=0.1391  effective_char_pool_weight=0.0000  char_pool_acc_top1=0.9841  char_pool_acc_top5=0.9947  char_pool_valid_chars=2080  char_pool_num_chars=2080  window_size=16  stride=16  window_overlap_mode=no_overlap  num_windows=64  sequence_length=128
Epoch 1, Batch 411, Loss: 2.5933
Epoch 1, Batch 412, Loss: 2.4714
Epoch 1, Batch 413, Loss: 2.5465
Epoch 1, Batch 414, Loss: 2.4105
Epoch 1, Batch 415, Loss: 2.5304
Epoch 1, Batch 416, Loss: 2.5274
Epoch 1, Batch 417, Loss: 2.3898
Epoch 1, Batch 418, Loss: 2.4110
Epoch 1, Batch 419, Loss: 2.4803
Epoch 1, Batch 420, Loss: 2.4617
[DTW] raw: pos=176.5  neg=1148.6  |  prob: pos_wins=0.992 (goal→1.0)  |  gap=-7.595  loss=2.4052
[LOSS] alignment_loss_type=d3tw_char_pool  d3tw_loss=2.4052  d3tw_cost_pos=176.4771  d3tw_cost_neg=1148.6086  total_loss=2.4052  char_pool_loss=0.0775  effective_char_pool_weight=0.0000  char_pool_acc_top1=0.9899  char_pool_acc_top5=0.9986  char_pool_valid_chars=2080  char_pool_num_chars=2080  window_size=16  stride=16  window_overlap_mode=no_overlap  num_windows=64  sequence_length=128
Epoch 1, Batch 421, Loss: 2.4052
Epoch 1, Batch 422, Loss: 2.4747
Epoch 1, Batch 423, Loss: 2.4718
Epoch 1, Batch 424, Loss: 2.4388
Epoch 1, Batch 425, Loss: 2.5074
Epoch 1, Batch 426, Loss: 2.5042
Epoch 1, Batch 427, Loss: 2.4873
Epoch 1, Batch 428, Loss: 2.5161
Epoch 1, Batch 429, Loss: 2.6365
Epoch 1, Batch 430, Loss: 2.5084
[DTW] raw: pos=182.0  neg=1151.7  |  prob: pos_wins=0.993 (goal→1.0)  |  gap=-7.576  loss=2.4238
[LOSS] alignment_loss_type=d3tw_char_pool  d3tw_loss=2.4238  d3tw_cost_pos=181.9874  d3tw_cost_neg=1151.7283  total_loss=2.4238  char_pool_loss=0.1713  effective_char_pool_weight=0.0000  char_pool_acc_top1=0.9817  char_pool_acc_top5=0.9933  char_pool_valid_chars=2080  char_pool_num_chars=2080  window_size=16  stride=16  window_overlap_mode=no_overlap  num_windows=64  sequence_length=128
Epoch 1, Batch 431, Loss: 2.4238
Epoch 1, Batch 432, Loss: 2.4753
Epoch 1, Batch 433, Loss: 2.5234
Epoch 1, Batch 434, Loss: 2.5732
Epoch 1, Batch 435, Loss: 2.4278
Epoch 1, Batch 436, Loss: 2.4153
Epoch 1, Batch 437, Loss: 2.5252
Epoch 1, Batch 438, Loss: 2.4778
Epoch 1, Batch 439, Loss: 2.5244
Epoch 1, Batch 440, Loss: 2.3905
[DTW] raw: pos=184.4  neg=1152.1  |  prob: pos_wins=0.992 (goal→1.0)  |  gap=-7.560  loss=2.4398
[LOSS] alignment_loss_type=d3tw_char_pool  d3tw_loss=2.4398  d3tw_cost_pos=184.4443  d3tw_cost_neg=1152.1423  total_loss=2.4398  char_pool_loss=0.1590  effective_char_pool_weight=0.0000  char_pool_acc_top1=0.9803  char_pool_acc_top5=0.9952  char_pool_valid_chars=2080  char_pool_num_chars=2080  window_size=16  stride=16  window_overlap_mode=no_overlap  num_windows=64  sequence_length=128
Epoch 1, Batch 441, Loss: 2.4398
Epoch 1, Batch 442, Loss: 2.4907
Epoch 1, Batch 443, Loss: 2.5429
Epoch 1, Batch 444, Loss: 2.5766
Epoch 1, Batch 445, Loss: 2.5668
Epoch 1, Batch 446, Loss: 2.4029
Epoch 1, Batch 447, Loss: 2.3809
Epoch 1, Batch 448, Loss: 2.5155
Epoch 1, Batch 449, Loss: 2.4123
Epoch 1, Batch 450, Loss: 2.5072
[DTW] raw: pos=185.3  neg=1149.4  |  prob: pos_wins=0.992 (goal→1.0)  |  gap=-7.532  loss=2.4677
[LOSS] alignment_loss_type=d3tw_char_pool  d3tw_loss=2.4677  d3tw_cost_pos=185.2559  d3tw_cost_neg=1149.3800  total_loss=2.4677  char_pool_loss=0.1514  effective_char_pool_weight=0.0000  char_pool_acc_top1=0.9846  char_pool_acc_top5=0.9942  char_pool_valid_chars=2080  char_pool_num_chars=2080  window_size=16  stride=16  window_overlap_mode=no_overlap  num_windows=64  sequence_length=128
Epoch 1, Batch 451, Loss: 2.4677
Epoch 1, Batch 452, Loss: 2.4187
Epoch 1, Batch 453, Loss: 2.3785
Epoch 1, Batch 454, Loss: 2.3809
Epoch 1, Batch 455, Loss: 2.5758
Epoch 1, Batch 456, Loss: 2.3559
Epoch 1, Batch 457, Loss: 2.4485
Epoch 1, Batch 458, Loss: 2.4791
Epoch 1, Batch 459, Loss: 2.7144
Epoch 1, Batch 460, Loss: 2.5619
[DTW] raw: pos=179.4  neg=1149.7  |  prob: pos_wins=0.993 (goal→1.0)  |  gap=-7.581  loss=2.4188
[LOSS] alignment_loss_type=d3tw_char_pool  d3tw_loss=2.4188  d3tw_cost_pos=179.3552  d3tw_cost_neg=1149.7456  total_loss=2.4188  char_pool_loss=0.1286  effective_char_pool_weight=0.0000  char_pool_acc_top1=0.9865  char_pool_acc_top5=0.9947  char_pool_valid_chars=2080  char_pool_num_chars=2080  window_size=16  stride=16  window_overlap_mode=no_overlap  num_windows=64  sequence_length=128
Epoch 1, Batch 461, Loss: 2.4188
Epoch 1, Batch 462, Loss: 2.3966
Epoch 1, Batch 463, Loss: 2.3641
Epoch 1, Batch 464, Loss: 2.3686
Epoch 1, Batch 465, Loss: 2.3550
Epoch 1, Batch 466, Loss: 2.4399
Epoch 1, Batch 467, Loss: 2.4007
Epoch 1, Batch 468, Loss: 2.5175
Epoch 1, Batch 469, Loss: 2.3651
Epoch 1, Batch 470, Loss: 2.4815
[DTW] raw: pos=177.3  neg=1156.0  |  prob: pos_wins=0.992 (goal→1.0)  |  gap=-7.646  loss=2.3539
[LOSS] alignment_loss_type=d3tw_char_pool  d3tw_loss=2.3539  d3tw_cost_pos=177.2772  d3tw_cost_neg=1155.9678  total_loss=2.3539  char_pool_loss=0.0914  effective_char_pool_weight=0.0000  char_pool_acc_top1=0.9875  char_pool_acc_top5=0.9966  char_pool_valid_chars=2080  char_pool_num_chars=2080  window_size=16  stride=16  window_overlap_mode=no_overlap  num_windows=64  sequence_length=128
Epoch 1, Batch 471, Loss: 2.3539
Epoch 1, Batch 472, Loss: 2.3925
Epoch 1, Batch 473, Loss: 2.4339
Epoch 1, Batch 474, Loss: 2.3621
Epoch 1, Batch 475, Loss: 2.5618
Epoch 1, Batch 476, Loss: 2.4305
Epoch 1, Batch 477, Loss: 2.4461
Epoch 1, Batch 478, Loss: 2.5362
Epoch 1, Batch 479, Loss: 2.5207
Epoch 1, Batch 480, Loss: 2.4285
[DTW] raw: pos=177.3  neg=1136.9  |  prob: pos_wins=0.991 (goal→1.0)  |  gap=-7.497  loss=2.5028
[LOSS] alignment_loss_type=d3tw_char_pool  d3tw_loss=2.5028  d3tw_cost_pos=177.3110  d3tw_cost_neg=1136.9403  total_loss=2.5028  char_pool_loss=0.0902  effective_char_pool_weight=0.0000  char_pool_acc_top1=0.9913  char_pool_acc_top5=0.9957  char_pool_valid_chars=2080  char_pool_num_chars=2080  window_size=16  stride=16  window_overlap_mode=no_overlap  num_windows=64  sequence_length=128
Epoch 1, Batch 481, Loss: 2.5028
Epoch 1, Batch 482, Loss: 2.5237
Epoch 1, Batch 483, Loss: 2.4205
Epoch 1, Batch 484, Loss: 2.3226
Epoch 1, Batch 485, Loss: 2.4712
Epoch 1, Batch 486, Loss: 2.5290
Epoch 1, Batch 487, Loss: 2.4553
Epoch 1, Batch 488, Loss: 2.4247
Epoch 1, Batch 489, Loss: 2.4721
Epoch 1, Batch 490, Loss: 2.4855
[DTW] raw: pos=189.6  neg=1144.5  |  prob: pos_wins=0.991 (goal→1.0)  |  gap=-7.460  loss=2.5399
[LOSS] alignment_loss_type=d3tw_char_pool  d3tw_loss=2.5399  d3tw_cost_pos=189.6263  d3tw_cost_neg=1144.5154  total_loss=2.5399  char_pool_loss=0.1419  effective_char_pool_weight=0.0000  char_pool_acc_top1=0.9837  char_pool_acc_top5=0.9942  char_pool_valid_chars=2080  char_pool_num_chars=2080  window_size=16  stride=16  window_overlap_mode=no_overlap  num_windows=64  sequence_length=128
Epoch 1, Batch 491, Loss: 2.5399
Epoch 1, Batch 492, Loss: 2.5062
Epoch 1, Batch 493, Loss: 2.4276
Epoch 1, Batch 494, Loss: 2.4988
Epoch 1, Batch 495, Loss: 2.5399
Epoch 1, Batch 496, Loss: 2.4932
Epoch 1, Batch 497, Loss: 2.4350
Epoch 1, Batch 498, Loss: 2.4680
Epoch 1, Batch 499, Loss: 2.5043
Epoch 1, Batch 500, Loss: 2.4206
[DTW] raw: pos=176.8  neg=1153.2  |  prob: pos_wins=0.993 (goal→1.0)  |  gap=-7.628  loss=2.3717
[LOSS] alignment_loss_type=d3tw_char_pool  d3tw_loss=2.3717  d3tw_cost_pos=176.7896  d3tw_cost_neg=1153.2017  total_loss=2.3717  char_pool_loss=0.1003  effective_char_pool_weight=0.0000  char_pool_acc_top1=0.9894  char_pool_acc_top5=0.9966  char_pool_valid_chars=2080  char_pool_num_chars=2080  window_size=16  stride=16  window_overlap_mode=no_overlap  num_windows=64  sequence_length=128
Epoch 1, Batch 501, Loss: 2.3717
Epoch 1, Batch 502, Loss: 2.4951
Epoch 1, Batch 503, Loss: 2.4846
Epoch 1, Batch 504, Loss: 2.4978
Epoch 1, Batch 505, Loss: 2.4603
Epoch 1, Batch 506, Loss: 2.5174
Epoch 1, Batch 507, Loss: 2.4354
Epoch 1, Batch 508, Loss: 2.4131
Epoch 1, Batch 509, Loss: 2.4071
Epoch 1, Batch 510, Loss: 2.4259
[DTW] raw: pos=178.2  neg=1148.3  |  prob: pos_wins=0.992 (goal→1.0)  |  gap=-7.579  loss=2.4206
[LOSS] alignment_loss_type=d3tw_char_pool  d3tw_loss=2.4206  d3tw_cost_pos=178.1644  d3tw_cost_neg=1148.3174  total_loss=2.4206  char_pool_loss=0.0779  effective_char_pool_weight=0.0000  char_pool_acc_top1=0.9909  char_pool_acc_top5=0.9976  char_pool_valid_chars=2080  char_pool_num_chars=2080  window_size=16  stride=16  window_overlap_mode=no_overlap  num_windows=64  sequence_length=128
Epoch 1, Batch 511, Loss: 2.4206
Epoch 1, Batch 512, Loss: 2.4872
Epoch 1, Batch 513, Loss: 2.4844
Epoch 1, Batch 514, Loss: 2.4097
Epoch 1, Batch 515, Loss: 2.5286
Epoch 1, Batch 516, Loss: 2.4165
Epoch 1, Batch 517, Loss: 2.4487
Epoch 1, Batch 518, Loss: 2.4026
Epoch 1, Batch 519, Loss: 2.4868
Epoch 1, Batch 520, Loss: 2.2999
[DTW] raw: pos=178.5  neg=1132.2  |  prob: pos_wins=0.991 (goal→1.0)  |  gap=-7.451  loss=2.5489
[LOSS] alignment_loss_type=d3tw_char_pool  d3tw_loss=2.5489  d3tw_cost_pos=178.5056  d3tw_cost_neg=1132.2390  total_loss=2.5489  char_pool_loss=0.0780  effective_char_pool_weight=0.0000  char_pool_acc_top1=0.9894  char_pool_acc_top5=0.9986  char_pool_valid_chars=2080  char_pool_num_chars=2080  window_size=16  stride=16  window_overlap_mode=no_overlap  num_windows=64  sequence_length=128
Epoch 1, Batch 521, Loss: 2.5489
Epoch 1, Batch 522, Loss: 2.3408
Epoch 1, Batch 523, Loss: 2.4467
Epoch 1, Batch 524, Loss: 2.3241
Epoch 1, Batch 525, Loss: 2.3765
Epoch 1, Batch 526, Loss: 2.4579
Epoch 1, Batch 527, Loss: 2.4262
Epoch 1, Batch 528, Loss: 2.5157
Epoch 1, Batch 529, Loss: 2.3952
Epoch 1, Batch 530, Loss: 2.3157
[DTW] raw: pos=182.3  neg=1145.8  |  prob: pos_wins=0.992 (goal→1.0)  |  gap=-7.527  loss=2.4731
[LOSS] alignment_loss_type=d3tw_char_pool  d3tw_loss=2.4731  d3tw_cost_pos=182.3340  d3tw_cost_neg=1145.7675  total_loss=2.4731  char_pool_loss=0.1157  effective_char_pool_weight=0.0000  char_pool_acc_top1=0.9894  char_pool_acc_top5=0.9952  char_pool_valid_chars=2080  char_pool_num_chars=2080  window_size=16  stride=16  window_overlap_mode=no_overlap  num_windows=64  sequence_length=128
Epoch 1, Batch 531, Loss: 2.4731
Epoch 1, Batch 532, Loss: 2.4383
Epoch 1, Batch 533, Loss: 2.4924
Epoch 1, Batch 534, Loss: 2.4962
Epoch 1, Batch 535, Loss: 2.4661
Epoch 1, Batch 536, Loss: 2.3604
Epoch 1, Batch 537, Loss: 2.4058
Epoch 1, Batch 538, Loss: 2.4261
Epoch 1, Batch 539, Loss: 2.4346
Epoch 1, Batch 540, Loss: 2.3908
[DTW] raw: pos=175.7  neg=1145.9  |  prob: pos_wins=0.992 (goal→1.0)  |  gap=-7.580  loss=2.4195
[LOSS] alignment_loss_type=d3tw_char_pool  d3tw_loss=2.4195  d3tw_cost_pos=175.6507  d3tw_cost_neg=1145.9468  total_loss=2.4195  char_pool_loss=0.0672  effective_char_pool_weight=0.0000  char_pool_acc_top1=0.9923  char_pool_acc_top5=0.9976  char_pool_valid_chars=2080  char_pool_num_chars=2080  window_size=16  stride=16  window_overlap_mode=no_overlap  num_windows=64  sequence_length=128
Epoch 1, Batch 541, Loss: 2.4195
Epoch 1, Batch 542, Loss: 2.3211
Epoch 1, Batch 543, Loss: 2.4360
Epoch 1, Batch 544, Loss: 2.3877
Epoch 1, Batch 545, Loss: 2.4200
Epoch 1, Batch 546, Loss: 2.3786
Epoch 1, Batch 547, Loss: 2.3698
Epoch 1, Batch 548, Loss: 2.4333
Epoch 1, Batch 549, Loss: 2.3835
Epoch 1, Batch 550, Loss: 2.3253
[DTW] raw: pos=178.8  neg=1154.8  |  prob: pos_wins=0.991 (goal→1.0)  |  gap=-7.625  loss=2.3751
[LOSS] alignment_loss_type=d3tw_char_pool  d3tw_loss=2.3751  d3tw_cost_pos=178.8364  d3tw_cost_neg=1154.8186  total_loss=2.3751  char_pool_loss=0.0750  effective_char_pool_weight=0.0000  char_pool_acc_top1=0.9918  char_pool_acc_top5=0.9971  char_pool_valid_chars=2080  char_pool_num_chars=2080  window_size=16  stride=16  window_overlap_mode=no_overlap  num_windows=64  sequence_length=128
Epoch 1, Batch 551, Loss: 2.3751
Epoch 1, Batch 552, Loss: 2.3504
Epoch 1, Batch 553, Loss: 2.3204
Epoch 1, Batch 554, Loss: 2.5480
Epoch 1, Batch 555, Loss: 2.4476
Epoch 1, Batch 556, Loss: 2.4892
Epoch 1, Batch 557, Loss: 2.4640
Epoch 1, Batch 558, Loss: 2.3821
Epoch 1, Batch 559, Loss: 2.4422
Epoch 1, Batch 560, Loss: 2.5324
[DTW] raw: pos=175.8  neg=1158.0  |  prob: pos_wins=0.993 (goal→1.0)  |  gap=-7.673  loss=2.3285
[LOSS] alignment_loss_type=d3tw_char_pool  d3tw_loss=2.3285  d3tw_cost_pos=175.7893  d3tw_cost_neg=1157.9707  total_loss=2.3285  char_pool_loss=0.0697  effective_char_pool_weight=0.0000  char_pool_acc_top1=0.9923  char_pool_acc_top5=0.9976  char_pool_valid_chars=2080  char_pool_num_chars=2080  window_size=16  stride=16  window_overlap_mode=no_overlap  num_windows=64  sequence_length=128
Epoch 1, Batch 561, Loss: 2.3285
Epoch 1, Batch 562, Loss: 2.3982
Epoch 1, Batch 563, Loss: 2.3047
Epoch 1, Batch 564, Loss: 2.3921
Epoch 1, Batch 565, Loss: 2.4207
Epoch 1, Batch 566, Loss: 2.4250
Epoch 1, Batch 567, Loss: 2.3881
Epoch 1, Batch 568, Loss: 2.3270
Epoch 1, Batch 569, Loss: 2.4579
Epoch 1, Batch 570, Loss: 2.3675
[DTW] raw: pos=175.3  neg=1154.0  |  prob: pos_wins=0.993 (goal→1.0)  |  gap=-7.646  loss=2.3537
[LOSS] alignment_loss_type=d3tw_char_pool  d3tw_loss=2.3537  d3tw_cost_pos=175.3304  d3tw_cost_neg=1154.0466  total_loss=2.3537  char_pool_loss=0.0850  effective_char_pool_weight=0.0000  char_pool_acc_top1=0.9918  char_pool_acc_top5=0.9971  char_pool_valid_chars=2080  char_pool_num_chars=2080  window_size=16  stride=16  window_overlap_mode=no_overlap  num_windows=64  sequence_length=128
Epoch 1, Batch 571, Loss: 2.3537
Epoch 1, Batch 572, Loss: 2.4535
Epoch 1, Batch 573, Loss: 2.2906
Epoch 1, Batch 574, Loss: 2.4235
Epoch 1, Batch 575, Loss: 2.3221
Epoch 1, Batch 576, Loss: 2.5233
Epoch 1, Batch 577, Loss: 2.3021
Epoch 1, Batch 578, Loss: 2.3660
Epoch 1, Batch 579, Loss: 2.3743
Epoch 1, Batch 580, Loss: 2.3848
[DTW] raw: pos=171.5  neg=1150.3  |  prob: pos_wins=0.993 (goal→1.0)  |  gap=-7.647  loss=2.3534
[LOSS] alignment_loss_type=d3tw_char_pool  d3tw_loss=2.3534  d3tw_cost_pos=171.5225  d3tw_cost_neg=1150.2828  total_loss=2.3534  char_pool_loss=0.0938  effective_char_pool_weight=0.0000  char_pool_acc_top1=0.9885  char_pool_acc_top5=0.9976  char_pool_valid_chars=2080  char_pool_num_chars=2080  window_size=16  stride=16  window_overlap_mode=no_overlap  num_windows=64  sequence_length=128
Epoch 1, Batch 581, Loss: 2.3534
Epoch 1, Batch 582, Loss: 2.3926
Epoch 1, Batch 583, Loss: 2.4073
Epoch 1, Batch 584, Loss: 2.4572
Epoch 1, Batch 585, Loss: 2.3545
Epoch 1, Batch 586, Loss: 2.3519
Epoch 1, Batch 587, Loss: 2.3908
Epoch 1, Batch 588, Loss: 2.3997
Epoch 1, Batch 589, Loss: 2.3815
Epoch 1, Batch 590, Loss: 2.4820
[DTW] raw: pos=174.2  neg=1169.4  |  prob: pos_wins=0.994 (goal→1.0)  |  gap=-7.775  loss=2.2247
[LOSS] alignment_loss_type=d3tw_char_pool  d3tw_loss=2.2247  d3tw_cost_pos=174.2000  d3tw_cost_neg=1169.4291  total_loss=2.2247  char_pool_loss=0.1079  effective_char_pool_weight=0.0000  char_pool_acc_top1=0.9865  char_pool_acc_top5=0.9957  char_pool_valid_chars=2080  char_pool_num_chars=2080  window_size=16  stride=16  window_overlap_mode=no_overlap  num_windows=64  sequence_length=128
Epoch 1, Batch 591, Loss: 2.2247
Epoch 1, Batch 592, Loss: 2.3252
Epoch 1, Batch 593, Loss: 2.3530
Epoch 1, Batch 594, Loss: 2.3424
Epoch 1, Batch 595, Loss: 2.4606
Epoch 1, Batch 596, Loss: 2.4176
Epoch 1, Batch 597, Loss: 2.4115
Epoch 1, Batch 598, Loss: 2.3167
Epoch 1, Batch 599, Loss: 2.4255
Epoch 1, Batch 600, Loss: 2.4480
[DTW] raw: pos=170.7  neg=1166.0  |  prob: pos_wins=0.993 (goal→1.0)  |  gap=-7.776  loss=2.2239
[LOSS] alignment_loss_type=d3tw_char_pool  d3tw_loss=2.2239  d3tw_cost_pos=170.7019  d3tw_cost_neg=1166.0317  total_loss=2.2239  char_pool_loss=0.0770  effective_char_pool_weight=0.0000  char_pool_acc_top1=0.9904  char_pool_acc_top5=0.9990  char_pool_valid_chars=2080  char_pool_num_chars=2080  window_size=16  stride=16  window_overlap_mode=no_overlap  num_windows=64  sequence_length=128
Epoch 1, Batch 601, Loss: 2.2239
Epoch 1, Batch 602, Loss: 2.3895
Epoch 1, Batch 603, Loss: 2.3742
Epoch 1, Batch 604, Loss: 2.3579
Epoch 1, Batch 605, Loss: 2.4097
Epoch 1, Batch 606, Loss: 2.3338
Epoch 1, Batch 607, Loss: 2.3847
Epoch 1, Batch 608, Loss: 2.3734
Epoch 1, Batch 609, Loss: 2.3812
Epoch 1, Batch 610, Loss: 2.4818
[DTW] raw: pos=176.6  neg=1151.1  |  prob: pos_wins=0.992 (goal→1.0)  |  gap=-7.613  loss=2.3867
[LOSS] alignment_loss_type=d3tw_char_pool  d3tw_loss=2.3867  d3tw_cost_pos=176.5772  d3tw_cost_neg=1151.0662  total_loss=2.3867  char_pool_loss=0.0891  effective_char_pool_weight=0.0000  char_pool_acc_top1=0.9894  char_pool_acc_top5=0.9966  char_pool_valid_chars=2080  char_pool_num_chars=2080  window_size=16  stride=16  window_overlap_mode=no_overlap  num_windows=64  sequence_length=128
Epoch 1, Batch 611, Loss: 2.3867
Epoch 1, Batch 612, Loss: 2.3694
Epoch 1, Batch 613, Loss: 2.3930
Epoch 1, Batch 614, Loss: 2.4356
Epoch 1, Batch 615, Loss: 2.2329
Epoch 1, Batch 616, Loss: 2.2186
Epoch 1, Batch 617, Loss: 2.4182
Epoch 1, Batch 618, Loss: 2.3976
Epoch 1, Batch 619, Loss: 2.3623
Epoch 1, Batch 620, Loss: 2.4332
[DTW] raw: pos=177.1  neg=1147.1  |  prob: pos_wins=0.992 (goal→1.0)  |  gap=-7.578  loss=2.4219
[LOSS] alignment_loss_type=d3tw_char_pool  d3tw_loss=2.4219  d3tw_cost_pos=177.1329  d3tw_cost_neg=1147.1202  total_loss=2.4219  char_pool_loss=0.1126  effective_char_pool_weight=0.0000  char_pool_acc_top1=0.9880  char_pool_acc_top5=0.9952  char_pool_valid_chars=2080  char_pool_num_chars=2080  window_size=16  stride=16  window_overlap_mode=no_overlap  num_windows=64  sequence_length=128
Epoch 1, Batch 621, Loss: 2.4219
Epoch 1, Batch 622, Loss: 2.4246
Epoch 1, Batch 623, Loss: 2.4501
Epoch 1, Batch 624, Loss: 2.4244
Epoch 1, Batch 625, Loss: 2.3582
Epoch 1, Batch 626, Loss: 2.3713
Epoch 1, Batch 627, Loss: 2.4252
Epoch 1, Batch 628, Loss: 2.3164
Epoch 1, Batch 629, Loss: 2.4248
Epoch 1, Batch 630, Loss: 2.4169
[DTW] raw: pos=175.8  neg=1159.1  |  prob: pos_wins=0.992 (goal→1.0)  |  gap=-7.682  loss=2.3185
[LOSS] alignment_loss_type=d3tw_char_pool  d3tw_loss=2.3185  d3tw_cost_pos=175.8452  d3tw_cost_neg=1159.0839  total_loss=2.3185  char_pool_loss=0.0817  effective_char_pool_weight=0.0000  char_pool_acc_top1=0.9904  char_pool_acc_top5=0.9966  char_pool_valid_chars=2080  char_pool_num_chars=2080  window_size=16  stride=16  window_overlap_mode=no_overlap  num_windows=64  sequence_length=128
Epoch 1, Batch 631, Loss: 2.3185
Epoch 1, Batch 632, Loss: 2.4414
Epoch 1, Batch 633, Loss: 2.3536
Epoch 1, Batch 634, Loss: 2.3602
Epoch 1, Batch 635, Loss: 2.3649
Epoch 1, Batch 636, Loss: 2.3133
Epoch 1, Batch 637, Loss: 2.2945
Epoch 1, Batch 638, Loss: 2.4372
Epoch 1, Batch 639, Loss: 2.4758
Epoch 1, Batch 640, Loss: 2.3886
[DTW] raw: pos=179.5  neg=1151.2  |  prob: pos_wins=0.992 (goal→1.0)  |  gap=-7.591  loss=2.4084
[LOSS] alignment_loss_type=d3tw_char_pool  d3tw_loss=2.4084  d3tw_cost_pos=179.4525  d3tw_cost_neg=1151.1608  total_loss=2.4084  char_pool_loss=0.1096  effective_char_pool_weight=0.0000  char_pool_acc_top1=0.9875  char_pool_acc_top5=0.9957  char_pool_valid_chars=2080  char_pool_num_chars=2080  window_size=16  stride=16  window_overlap_mode=no_overlap  num_windows=64  sequence_length=128
Epoch 1, Batch 641, Loss: 2.4084
Epoch 1, Batch 642, Loss: 2.5031
Epoch 1, Batch 643, Loss: 2.3714
Epoch 1, Batch 644, Loss: 2.4271
Epoch 1, Batch 645, Loss: 2.3114
Epoch 1, Batch 646, Loss: 2.3701
Epoch 1, Batch 647, Loss: 2.4363
Epoch 1, Batch 648, Loss: 2.4318
Epoch 1, Batch 649, Loss: 2.2937
Epoch 1, Batch 650, Loss: 2.4143
[DTW] raw: pos=177.3  neg=1147.7  |  prob: pos_wins=0.991 (goal→1.0)  |  gap=-7.582  loss=2.4183
[LOSS] alignment_loss_type=d3tw_char_pool  d3tw_loss=2.4183  d3tw_cost_pos=177.2839  d3tw_cost_neg=1147.7319  total_loss=2.4183  char_pool_loss=0.0575  effective_char_pool_weight=0.0000  char_pool_acc_top1=0.9923  char_pool_acc_top5=0.9986  char_pool_valid_chars=2080  char_pool_num_chars=2080  window_size=16  stride=16  window_overlap_mode=no_overlap  num_windows=64  sequence_length=128
Epoch 1, Batch 651, Loss: 2.4183
Epoch 1, Batch 652, Loss: 2.4208
Epoch 1, Batch 653, Loss: 2.2879
Epoch 1, Batch 654, Loss: 2.3239
Epoch 1, Batch 655, Loss: 2.4481
Epoch 1, Batch 656, Loss: 2.3582
Epoch 1, Batch 657, Loss: 2.4312
Epoch 1, Batch 658, Loss: 2.4466
Epoch 1, Batch 659, Loss: 2.4074
Epoch 1, Batch 660, Loss: 2.3753
[DTW] raw: pos=182.0  neg=1148.3  |  prob: pos_wins=0.992 (goal→1.0)  |  gap=-7.550  loss=2.4501
[LOSS] alignment_loss_type=d3tw_char_pool  d3tw_loss=2.4501  d3tw_cost_pos=181.9595  d3tw_cost_neg=1148.3481  total_loss=2.4501  char_pool_loss=0.1227  effective_char_pool_weight=0.0000  char_pool_acc_top1=0.9861  char_pool_acc_top5=0.9947  char_pool_valid_chars=2080  char_pool_num_chars=2080  window_size=16  stride=16  window_overlap_mode=no_overlap  num_windows=64  sequence_length=128
Epoch 1, Batch 661, Loss: 2.4501
Epoch 1, Batch 662, Loss: 2.3765
Epoch 1, Batch 663, Loss: 2.3169
Epoch 1, Batch 664, Loss: 2.3893
Epoch 1, Batch 665, Loss: 2.3293
Epoch 1, Batch 666, Loss: 2.3368
Epoch 1, Batch 667, Loss: 2.4069
Epoch 1, Batch 668, Loss: 2.3895
Epoch 1, Batch 669, Loss: 2.2513
Epoch 1, Batch 670, Loss: 2.3325
[DTW] raw: pos=182.6  neg=1144.0  |  prob: pos_wins=0.992 (goal→1.0)  |  gap=-7.511  loss=2.4886
[LOSS] alignment_loss_type=d3tw_char_pool  d3tw_loss=2.4886  d3tw_cost_pos=182.5744  d3tw_cost_neg=1144.0222  total_loss=2.4886  char_pool_loss=0.0902  effective_char_pool_weight=0.0000  char_pool_acc_top1=0.9894  char_pool_acc_top5=0.9966  char_pool_valid_chars=2080  char_pool_num_chars=2080  window_size=16  stride=16  window_overlap_mode=no_overlap  num_windows=64  sequence_length=128
Epoch 1, Batch 671, Loss: 2.4886
Epoch 1, Batch 672, Loss: 2.3595
Epoch 1, Batch 673, Loss: 2.4888
Epoch 1, Batch 674, Loss: 2.4140
Epoch 1, Batch 675, Loss: 2.3161
Epoch 1, Batch 676, Loss: 2.4525
Epoch 1, Batch 677, Loss: 2.3379
Epoch 1, Batch 678, Loss: 2.2806
Epoch 1, Batch 679, Loss: 2.2715
Epoch 1, Batch 680, Loss: 2.3233
[DTW] raw: pos=171.5  neg=1149.4  |  prob: pos_wins=0.993 (goal→1.0)  |  gap=-7.640  loss=2.3604
[LOSS] alignment_loss_type=d3tw_char_pool  d3tw_loss=2.3604  d3tw_cost_pos=171.4929  d3tw_cost_neg=1149.3518  total_loss=2.3604  char_pool_loss=0.0921  effective_char_pool_weight=0.0000  char_pool_acc_top1=0.9889  char_pool_acc_top5=0.9962  char_pool_valid_chars=2080  char_pool_num_chars=2080  window_size=16  stride=16  window_overlap_mode=no_overlap  num_windows=64  sequence_length=128
Epoch 1, Batch 681, Loss: 2.3604
Epoch 1, Batch 682, Loss: 2.3639
Epoch 1, Batch 683, Loss: 2.3367
Epoch 1, Batch 684, Loss: 2.3251
Epoch 1, Batch 685, Loss: 2.3920
Epoch 1, Batch 686, Loss: 2.2843
Epoch 1, Batch 687, Loss: 2.4572
Epoch 1, Batch 688, Loss: 2.3186
Epoch 1, Batch 689, Loss: 2.2930
Epoch 1, Batch 690, Loss: 2.3558
[DTW] raw: pos=181.1  neg=1151.5  |  prob: pos_wins=0.992 (goal→1.0)  |  gap=-7.581  loss=2.4186
[LOSS] alignment_loss_type=d3tw_char_pool  d3tw_loss=2.4186  d3tw_cost_pos=181.0826  d3tw_cost_neg=1151.4932  total_loss=2.4186  char_pool_loss=0.0610  effective_char_pool_weight=0.0000  char_pool_acc_top1=0.9933  char_pool_acc_top5=0.9981  char_pool_valid_chars=2080  char_pool_num_chars=2080  window_size=16  stride=16  window_overlap_mode=no_overlap  num_windows=64  sequence_length=128
Epoch 1, Batch 691, Loss: 2.4186
Epoch 1, Batch 692, Loss: 2.3748
Epoch 1, Batch 693, Loss: 2.2904
Epoch 1, Batch 694, Loss: 2.4070
Epoch 1, Batch 695, Loss: 2.2671
Epoch 1, Batch 696, Loss: 2.4083
Epoch 1, Batch 697, Loss: 2.2814
Epoch 1, Batch 698, Loss: 2.4096
Epoch 1, Batch 699, Loss: 2.2812
Epoch 1, Batch 700, Loss: 2.4796
[DTW] raw: pos=174.4  neg=1172.4  |  prob: pos_wins=0.993 (goal→1.0)  |  gap=-7.797  loss=2.2034
[LOSS] alignment_loss_type=d3tw_char_pool  d3tw_loss=2.2034  d3tw_cost_pos=174.4234  d3tw_cost_neg=1172.4447  total_loss=2.2034  char_pool_loss=0.0806  effective_char_pool_weight=0.0000  char_pool_acc_top1=0.9918  char_pool_acc_top5=0.9962  char_pool_valid_chars=2080  char_pool_num_chars=2080  window_size=16  stride=16  window_overlap_mode=no_overlap  num_windows=64  sequence_length=128
Epoch 1, Batch 701, Loss: 2.2034
Epoch 1, Batch 702, Loss: 2.2793
Epoch 1, Batch 703, Loss: 2.4013
Epoch 1, Batch 704, Loss: 2.3571
Epoch 1, Batch 705, Loss: 2.2620
Epoch 1, Batch 706, Loss: 2.1409
Epoch 1, Batch 707, Loss: 2.2434
Epoch 1, Batch 708, Loss: 2.3188
Epoch 1, Batch 709, Loss: 2.1820
Epoch 1, Batch 710, Loss: 2.3669
[DTW] raw: pos=177.7  neg=1155.9  |  prob: pos_wins=0.992 (goal→1.0)  |  gap=-7.642  loss=2.3582
[LOSS] alignment_loss_type=d3tw_char_pool  d3tw_loss=2.3582  d3tw_cost_pos=177.7381  d3tw_cost_neg=1155.8813  total_loss=2.3582  char_pool_loss=0.1114  effective_char_pool_weight=0.0000  char_pool_acc_top1=0.9856  char_pool_acc_top5=0.9971  char_pool_valid_chars=2080  char_pool_num_chars=2080  window_size=16  stride=16  window_overlap_mode=no_overlap  num_windows=64  sequence_length=128
Epoch 1, Batch 711, Loss: 2.3582
Epoch 1, Batch 712, Loss: 2.4037
Epoch 1, Batch 713, Loss: 2.2517
Epoch 1, Batch 714, Loss: 2.4479
Epoch 1, Batch 715, Loss: 2.1721
Epoch 1, Batch 716, Loss: 2.3088
Epoch 1, Batch 717, Loss: 2.2993
Epoch 1, Batch 718, Loss: 2.2921
Epoch 1, Batch 719, Loss: 2.3880
Epoch 1, Batch 720, Loss: 2.3688
[DTW] raw: pos=170.2  neg=1164.9  |  prob: pos_wins=0.993 (goal→1.0)  |  gap=-7.771  loss=2.2285
[LOSS] alignment_loss_type=d3tw_char_pool  d3tw_loss=2.2285  d3tw_cost_pos=170.1835  d3tw_cost_neg=1164.9260  total_loss=2.2285  char_pool_loss=0.0733  effective_char_pool_weight=0.0000  char_pool_acc_top1=0.9923  char_pool_acc_top5=0.9957  char_pool_valid_chars=2080  char_pool_num_chars=2080  window_size=16  stride=16  window_overlap_mode=no_overlap  num_windows=64  sequence_length=128
Epoch 1, Batch 721, Loss: 2.2285
Epoch 1, Batch 722, Loss: 2.3752
Epoch 1, Batch 723, Loss: 2.3529
Epoch 1, Batch 724, Loss: 2.3422
Epoch 1, Batch 725, Loss: 2.3299
Epoch 1, Batch 726, Loss: 2.3340
Epoch 1, Batch 727, Loss: 2.1901
Epoch 1, Batch 728, Loss: 2.2651
Epoch 1, Batch 729, Loss: 2.4280
Epoch 1, Batch 730, Loss: 2.3010
[DTW] raw: pos=175.6  neg=1146.0  |  prob: pos_wins=0.991 (goal→1.0)  |  gap=-7.582  loss=2.4182
[LOSS] alignment_loss_type=d3tw_char_pool  d3tw_loss=2.4182  d3tw_cost_pos=175.5503  d3tw_cost_neg=1146.0121  total_loss=2.4182  char_pool_loss=0.0756  effective_char_pool_weight=0.0000  char_pool_acc_top1=0.9909  char_pool_acc_top5=0.9966  char_pool_valid_chars=2080  char_pool_num_chars=2080  window_size=16  stride=16  window_overlap_mode=no_overlap  num_windows=64  sequence_length=128
Epoch 1, Batch 731, Loss: 2.4182
Epoch 1, Batch 732, Loss: 2.2783
Epoch 1, Batch 733, Loss: 2.2445
Epoch 1, Batch 734, Loss: 2.2894
Epoch 1, Batch 735, Loss: 2.2578
Epoch 1, Batch 736, Loss: 2.2287
Epoch 1, Batch 737, Loss: 2.3062
Epoch 1, Batch 738, Loss: 2.2721
Epoch 1, Batch 739, Loss: 2.3336
Epoch 1, Batch 740, Loss: 2.2493
[DTW] raw: pos=175.0  neg=1158.9  |  prob: pos_wins=0.993 (goal→1.0)  |  gap=-7.687  loss=2.3127
[LOSS] alignment_loss_type=d3tw_char_pool  d3tw_loss=2.3127  d3tw_cost_pos=174.9841  d3tw_cost_neg=1158.9451  total_loss=2.3127  char_pool_loss=0.0411  effective_char_pool_weight=0.0000  char_pool_acc_top1=0.9942  char_pool_acc_top5=0.9995  char_pool_valid_chars=2080  char_pool_num_chars=2080  window_size=16  stride=16  window_overlap_mode=no_overlap  num_windows=64  sequence_length=128
Epoch 1, Batch 741, Loss: 2.3127
Epoch 1, Batch 742, Loss: 2.2689
Epoch 1, Batch 743, Loss: 2.4271
Epoch 1, Batch 744, Loss: 2.3157
Epoch 1, Batch 745, Loss: 2.2925
Epoch 1, Batch 746, Loss: 2.3086
Epoch 1, Batch 747, Loss: 2.3780
Epoch 1, Batch 748, Loss: 2.2631
Epoch 1, Batch 749, Loss: 2.3301
Epoch 1, Batch 750, Loss: 2.3109
[DTW] raw: pos=171.7  neg=1160.7  |  prob: pos_wins=0.993 (goal→1.0)  |  gap=-7.726  loss=2.2736
[LOSS] alignment_loss_type=d3tw_char_pool  d3tw_loss=2.2736  d3tw_cost_pos=171.7050  d3tw_cost_neg=1160.6779  total_loss=2.2736  char_pool_loss=0.0394  effective_char_pool_weight=0.0000  char_pool_acc_top1=0.9947  char_pool_acc_top5=0.9990  char_pool_valid_chars=2080  char_pool_num_chars=2080  window_size=16  stride=16  window_overlap_mode=no_overlap  num_windows=64  sequence_length=128
Epoch 1, Batch 751, Loss: 2.2736
Epoch 1, Batch 752, Loss: 2.2845
Epoch 1, Batch 753, Loss: 2.2808
Epoch 1, Batch 754, Loss: 2.3330
Epoch 1, Batch 755, Loss: 2.2427
Epoch 1, Batch 756, Loss: 2.2600
Epoch 1, Batch 757, Loss: 2.3594
Epoch 1, Batch 758, Loss: 2.2723
Epoch 1, Batch 759, Loss: 2.3496
Epoch 1, Batch 760, Loss: 2.3848
[DTW] raw: pos=177.7  neg=1168.5  |  prob: pos_wins=0.993 (goal→1.0)  |  gap=-7.740  loss=2.2595
[LOSS] alignment_loss_type=d3tw_char_pool  d3tw_loss=2.2595  d3tw_cost_pos=177.7207  d3tw_cost_neg=1168.4949  total_loss=2.2595  char_pool_loss=0.1383  effective_char_pool_weight=0.0000  char_pool_acc_top1=0.9851  char_pool_acc_top5=0.9952  char_pool_valid_chars=2080  char_pool_num_chars=2080  window_size=16  stride=16  window_overlap_mode=no_overlap  num_windows=64  sequence_length=128
Epoch 1, Batch 761, Loss: 2.2595
Epoch 1, Batch 762, Loss: 2.3002
Epoch 1, Batch 763, Loss: 2.2176
Epoch 1, Batch 764, Loss: 2.2879
Epoch 1, Batch 765, Loss: 2.0437
Epoch 1, Batch 766, Loss: 2.2158
Epoch 1, Batch 767, Loss: 2.3019
Epoch 1, Batch 768, Loss: 2.4189
Epoch 1, Batch 769, Loss: 2.2505
Epoch 1, Batch 770, Loss: 2.2911
[DTW] raw: pos=168.6  neg=1159.7  |  prob: pos_wins=0.994 (goal→1.0)  |  gap=-7.743  loss=2.2568
[LOSS] alignment_loss_type=d3tw_char_pool  d3tw_loss=2.2568  d3tw_cost_pos=168.5580  d3tw_cost_neg=1159.6760  total_loss=2.2568  char_pool_loss=0.0609  effective_char_pool_weight=0.0000  char_pool_acc_top1=0.9928  char_pool_acc_top5=0.9981  char_pool_valid_chars=2080  char_pool_num_chars=2080  window_size=16  stride=16  window_overlap_mode=no_overlap  num_windows=64  sequence_length=128
Epoch 1, Batch 771, Loss: 2.2568
Epoch 1, Batch 772, Loss: 2.2783
Epoch 1, Batch 773, Loss: 2.2638
Epoch 1, Batch 774, Loss: 2.3084
Epoch 1, Batch 775, Loss: 2.3709
Epoch 1, Batch 776, Loss: 2.2987
Epoch 1, Batch 777, Loss: 2.2903
Epoch 1, Batch 778, Loss: 2.2382
Epoch 1, Batch 779, Loss: 2.2553
Epoch 1, Batch 780, Loss: 2.1741
[DTW] raw: pos=170.5  neg=1152.8  |  prob: pos_wins=0.993 (goal→1.0)  |  gap=-7.674  loss=2.3266
[LOSS] alignment_loss_type=d3tw_char_pool  d3tw_loss=2.3266  d3tw_cost_pos=170.5486  d3tw_cost_neg=1152.7649  total_loss=2.3266  char_pool_loss=0.0909  effective_char_pool_weight=0.0000  char_pool_acc_top1=0.9904  char_pool_acc_top5=0.9962  char_pool_valid_chars=2080  char_pool_num_chars=2080  window_size=16  stride=16  window_overlap_mode=no_overlap  num_windows=64  sequence_length=128
Epoch 1, Batch 781, Loss: 2.3266
Epoch 1, Batch 782, Loss: 2.3033
Epoch 1, Batch 783, Loss: 2.3768
Epoch 1, Batch 784, Loss: 2.3289
Epoch 1, Batch 785, Loss: 2.3561
Epoch 1, Batch 786, Loss: 2.2902
Epoch 1, Batch 787, Loss: 2.2603
Epoch 1, Batch 788, Loss: 2.0802
Epoch 1, Batch 789, Loss: 2.1972
Epoch 1, Batch 790, Loss: 2.2304
[DTW] raw: pos=170.2  neg=1156.4  |  prob: pos_wins=0.993 (goal→1.0)  |  gap=-7.705  loss=2.2950
[LOSS] alignment_loss_type=d3tw_char_pool  d3tw_loss=2.2950  d3tw_cost_pos=170.1605  d3tw_cost_neg=1156.4326  total_loss=2.2950  char_pool_loss=0.0653  effective_char_pool_weight=0.0000  char_pool_acc_top1=0.9909  char_pool_acc_top5=0.9971  char_pool_valid_chars=2080  char_pool_num_chars=2080  window_size=16  stride=16  window_overlap_mode=no_overlap  num_windows=64  sequence_length=128
Epoch 1, Batch 791, Loss: 2.2950
Epoch 1, Batch 792, Loss: 2.2903
Epoch 1, Batch 793, Loss: 2.3540
Epoch 1, Batch 794, Loss: 2.2479
Epoch 1, Batch 795, Loss: 2.2957
Epoch 1, Batch 796, Loss: 2.3460
Epoch 1, Batch 797, Loss: 2.2439
Epoch 1, Batch 798, Loss: 2.2975
Epoch 1, Batch 799, Loss: 2.3149
Epoch 1, Batch 800, Loss: 2.3212
[DTW] raw: pos=173.7  neg=1162.7  |  prob: pos_wins=0.993 (goal→1.0)  |  gap=-7.727  loss=2.2731
[LOSS] alignment_loss_type=d3tw_char_pool  d3tw_loss=2.2731  d3tw_cost_pos=173.7026  d3tw_cost_neg=1162.7311  total_loss=2.2731  char_pool_loss=0.1392  effective_char_pool_weight=0.0000  char_pool_acc_top1=0.9861  char_pool_acc_top5=0.9938  char_pool_valid_chars=2080  char_pool_num_chars=2080  window_size=16  stride=16  window_overlap_mode=no_overlap  num_windows=64  sequence_length=128
Epoch 1, Batch 801, Loss: 2.2731
Epoch 1, Batch 802, Loss: 2.2535
Epoch 1, Batch 803, Loss: 2.3505
Epoch 1, Batch 804, Loss: 2.2597
Epoch 1, Batch 805, Loss: 2.1463
Epoch 1, Batch 806, Loss: 2.2914
Epoch 1, Batch 807, Loss: 2.3280
Epoch 1, Batch 808, Loss: 2.3089
Epoch 1, Batch 809, Loss: 2.2387
Epoch 1, Batch 810, Loss: 2.3275
[DTW] raw: pos=178.8  neg=1153.5  |  prob: pos_wins=0.993 (goal→1.0)  |  gap=-7.615  loss=2.3850
[LOSS] alignment_loss_type=d3tw_char_pool  d3tw_loss=2.3850  d3tw_cost_pos=178.8075  d3tw_cost_neg=1153.5200  total_loss=2.3850  char_pool_loss=0.0520  effective_char_pool_weight=0.0000  char_pool_acc_top1=0.9928  char_pool_acc_top5=0.9981  char_pool_valid_chars=2080  char_pool_num_chars=2080  window_size=16  stride=16  window_overlap_mode=no_overlap  num_windows=64  sequence_length=128
Epoch 1, Batch 811, Loss: 2.3850
Epoch 1, Batch 812, Loss: 2.2185
Epoch 1, Batch 813, Loss: 2.2884
Epoch 1, Batch 814, Loss: 2.2985
Epoch 1, Batch 815, Loss: 2.3520
Epoch 1, Batch 816, Loss: 2.2719
Epoch 1, Batch 817, Loss: 2.3479
Epoch 1, Batch 818, Loss: 2.3724
Epoch 1, Batch 819, Loss: 2.1891
Epoch 1, Batch 820, Loss: 2.1361
[DTW] raw: pos=166.8  neg=1162.8  |  prob: pos_wins=0.993 (goal→1.0)  |  gap=-7.781  loss=2.2187
[LOSS] alignment_loss_type=d3tw_char_pool  d3tw_loss=2.2187  d3tw_cost_pos=166.7862  d3tw_cost_neg=1162.7769  total_loss=2.2187  char_pool_loss=0.0292  effective_char_pool_weight=0.0000  char_pool_acc_top1=0.9957  char_pool_acc_top5=0.9995  char_pool_valid_chars=2080  char_pool_num_chars=2080  window_size=16  stride=16  window_overlap_mode=no_overlap  num_windows=64  sequence_length=128
Epoch 1, Batch 821, Loss: 2.2187
Epoch 1, Batch 822, Loss: 2.3814
Epoch 1, Batch 823, Loss: 2.2379
Epoch 1, Batch 824, Loss: 2.2417
Epoch 1, Batch 825, Loss: 2.2753
Epoch 1, Batch 826, Loss: 2.2746
Epoch 1, Batch 827, Loss: 2.3066
Epoch 1, Batch 828, Loss: 2.2370
Epoch 1, Batch 829, Loss: 2.3514
Epoch 1, Batch 830, Loss: 2.3513
[DTW] raw: pos=177.0  neg=1149.1  |  prob: pos_wins=0.993 (goal→1.0)  |  gap=-7.594  loss=2.4056
[LOSS] alignment_loss_type=d3tw_char_pool  d3tw_loss=2.4056  d3tw_cost_pos=177.0143  d3tw_cost_neg=1149.1034  total_loss=2.4056  char_pool_loss=0.0718  effective_char_pool_weight=0.0000  char_pool_acc_top1=0.9904  char_pool_acc_top5=0.9986  char_pool_valid_chars=2080  char_pool_num_chars=2080  window_size=16  stride=16  window_overlap_mode=no_overlap  num_windows=64  sequence_length=128
Epoch 1, Batch 831, Loss: 2.4056
Epoch 1, Batch 832, Loss: 2.3375
Epoch 1, Batch 833, Loss: 2.3465
Epoch 1, Batch 834, Loss: 2.3074
Epoch 1, Batch 835, Loss: 2.2614
Epoch 1, Batch 836, Loss: 2.3005
Epoch 1, Batch 837, Loss: 2.1576
Epoch 1, Batch 838, Loss: 2.3294
Epoch 1, Batch 839, Loss: 2.3586
Epoch 1, Batch 840, Loss: 2.3617
[DTW] raw: pos=172.3  neg=1167.0  |  prob: pos_wins=0.993 (goal→1.0)  |  gap=-7.772  loss=2.2304
[LOSS] alignment_loss_type=d3tw_char_pool  d3tw_loss=2.2304  d3tw_cost_pos=172.2546  d3tw_cost_neg=1167.0244  total_loss=2.2304  char_pool_loss=0.0617  effective_char_pool_weight=0.0000  char_pool_acc_top1=0.9933  char_pool_acc_top5=0.9981  char_pool_valid_chars=2080  char_pool_num_chars=2080  window_size=16  stride=16  window_overlap_mode=no_overlap  num_windows=64  sequence_length=128
Epoch 1, Batch 841, Loss: 2.2304
Epoch 1, Batch 842, Loss: 2.2555
Epoch 1, Batch 843, Loss: 2.2207
Epoch 1, Batch 844, Loss: 2.2669
Epoch 1, Batch 845, Loss: 2.2597
Epoch 1, Batch 846, Loss: 2.2814
Epoch 1, Batch 847, Loss: 2.2251
Epoch 1, Batch 848, Loss: 2.3252
Epoch 1, Batch 849, Loss: 2.2751
Epoch 1, Batch 850, Loss: 2.2324
[DTW] raw: pos=174.1  neg=1149.4  |  prob: pos_wins=0.991 (goal→1.0)  |  gap=-7.620  loss=2.3801
[LOSS] alignment_loss_type=d3tw_char_pool  d3tw_loss=2.3801  d3tw_cost_pos=174.0737  d3tw_cost_neg=1149.4080  total_loss=2.3801  char_pool_loss=0.0539  effective_char_pool_weight=0.0000  char_pool_acc_top1=0.9928  char_pool_acc_top5=0.9981  char_pool_valid_chars=2080  char_pool_num_chars=2080  window_size=16  stride=16  window_overlap_mode=no_overlap  num_windows=64  sequence_length=128
Epoch 1, Batch 851, Loss: 2.3801
Epoch 1, Batch 852, Loss: 2.3333
Epoch 1, Batch 853, Loss: 2.2397
Epoch 1, Batch 854, Loss: 2.2498
Epoch 1, Batch 855, Loss: 2.3523
Epoch 1, Batch 856, Loss: 2.2959
Epoch 1, Batch 857, Loss: 2.2888
Epoch 1, Batch 858, Loss: 2.3361
Epoch 1, Batch 859, Loss: 2.1905
Epoch 1, Batch 860, Loss: 2.2493
[DTW] raw: pos=170.9  neg=1162.4  |  prob: pos_wins=0.991 (goal→1.0)  |  gap=-7.746  loss=2.2541
[LOSS] alignment_loss_type=d3tw_char_pool  d3tw_loss=2.2541  d3tw_cost_pos=170.9357  d3tw_cost_neg=1162.4036  total_loss=2.2541  char_pool_loss=0.0493  effective_char_pool_weight=0.0000  char_pool_acc_top1=0.9947  char_pool_acc_top5=0.9981  char_pool_valid_chars=2080  char_pool_num_chars=2080  window_size=16  stride=16  window_overlap_mode=no_overlap  num_windows=64  sequence_length=128
Epoch 1, Batch 861, Loss: 2.2541
Epoch 1, Batch 862, Loss: 2.2462
Epoch 1, Batch 863, Loss: 2.2639
Epoch 1, Batch 864, Loss: 2.1216
Epoch 1, Batch 865, Loss: 2.3223
Epoch 1, Batch 866, Loss: 2.2087
Epoch 1, Batch 867, Loss: 2.3499
Epoch 1, Batch 868, Loss: 2.2493
Epoch 1, Batch 869, Loss: 2.3284
Epoch 1, Batch 870, Loss: 2.3936
[DTW] raw: pos=174.3  neg=1163.1  |  prob: pos_wins=0.993 (goal→1.0)  |  gap=-7.725  loss=2.2748
[LOSS] alignment_loss_type=d3tw_char_pool  d3tw_loss=2.2748  d3tw_cost_pos=174.2626  d3tw_cost_neg=1163.0710  total_loss=2.2748  char_pool_loss=0.0841  effective_char_pool_weight=0.0000  char_pool_acc_top1=0.9894  char_pool_acc_top5=0.9971  char_pool_valid_chars=2080  char_pool_num_chars=2080  window_size=16  stride=16  window_overlap_mode=no_overlap  num_windows=64  sequence_length=128
Epoch 1, Batch 871, Loss: 2.2748
Epoch 1, Batch 872, Loss: 2.1481
Epoch 1, Batch 873, Loss: 2.1619
Epoch 1, Batch 874, Loss: 2.2424
Epoch 1, Batch 875, Loss: 2.2893
Epoch 1, Batch 876, Loss: 2.2139
Epoch 1, Batch 877, Loss: 2.2980
Epoch 1, Batch 878, Loss: 2.3588
Epoch 1, Batch 879, Loss: 2.2865
Epoch 1, Batch 880, Loss: 2.4826
[DTW] raw: pos=172.6  neg=1155.0  |  prob: pos_wins=0.992 (goal→1.0)  |  gap=-7.675  loss=2.3248
[LOSS] alignment_loss_type=d3tw_char_pool  d3tw_loss=2.3248  d3tw_cost_pos=172.5898  d3tw_cost_neg=1155.0051  total_loss=2.3248  char_pool_loss=0.0354  effective_char_pool_weight=0.0000  char_pool_acc_top1=0.9952  char_pool_acc_top5=0.9990  char_pool_valid_chars=2080  char_pool_num_chars=2080  window_size=16  stride=16  window_overlap_mode=no_overlap  num_windows=64  sequence_length=128
Epoch 1, Batch 881, Loss: 2.3248
Epoch 1, Batch 882, Loss: 2.3629
Epoch 1, Batch 883, Loss: 2.2931
Epoch 1, Batch 884, Loss: 2.2498
Epoch 1, Batch 885, Loss: 2.1157
Epoch 1, Batch 886, Loss: 2.2207
Epoch 1, Batch 887, Loss: 2.3156
Epoch 1, Batch 888, Loss: 2.2412
Epoch 1, Batch 889, Loss: 2.2928
Epoch 1, Batch 890, Loss: 2.1725
[DTW] raw: pos=172.0  neg=1159.5  |  prob: pos_wins=0.993 (goal→1.0)  |  gap=-7.715  loss=2.2858
[LOSS] alignment_loss_type=d3tw_char_pool  d3tw_loss=2.2858  d3tw_cost_pos=171.9948  d3tw_cost_neg=1159.4764  total_loss=2.2858  char_pool_loss=0.0587  effective_char_pool_weight=0.0000  char_pool_acc_top1=0.9942  char_pool_acc_top5=0.9971  char_pool_valid_chars=2080  char_pool_num_chars=2080  window_size=16  stride=16  window_overlap_mode=no_overlap  num_windows=64  sequence_length=128
Epoch 1, Batch 891, Loss: 2.2858
Epoch 1, Batch 892, Loss: 2.2544
Epoch 1, Batch 893, Loss: 2.1863
Epoch 1, Batch 894, Loss: 2.3263
Epoch 1, Batch 895, Loss: 2.2687
[2026-06-22T20:24:31.610] error: *** JOB 18326381 ON cs-6000-01 CANCELLED AT 2026-06-22T20:24:31 DUE to SIGNAL Terminated ***
